C51 COMPILER V9.60.0.0   HARDWARE                                                          10/30/2023 23:23:21 PAGE 1   


C51 COMPILER V9.60.0.0, COMPILATION OF MODULE HARDWARE
OBJECT MODULE PLACED IN .\OBJ\HardWare.obj
COMPILER INVOKED BY: C:\Keil_v5\C51\BIN\C51.EXE ..\HardWareCode\HardWare.c OPTIMIZE(8,SPEED) BROWSE INCDIR(.\UserCode;..
                    -\HardWareCode;..\UserCode) DEBUG OBJECTEXTEND PRINT(.\LST\HardWare.lst) TABS(2) OBJECT(.\OBJ\HardWare.obj)

line level    source

   1          #include <REG_MG82F6D17.h>
   2          #include ".\include\Type.h"
   3          #include ".\include\API_Macro_MG82F6D17.H"
   4          
   5          #include "HardWare.h"
   6          #include "timers.h"
   7          
   8          void HardWareInit(void)
   9          {
  10   1      //------------FOR SPI---------------
  11   1        
  12   1        //CS_PIN P17 , MOSI/DATA(SHIFTREG)  P35
  13   1        //MISO/SIN(SerialInput of Shiftreg) P34
  14   1        //SPICLK/CLK(SHIFTREG)  P33
  15   1      
  16   1      //-----------------------------------
  17   1        
  18   1        Timer0_INIT();
  19   1        INT_EnAll();
  20   1      }


MODULE INFORMATION:   STATIC OVERLAYABLE
   CODE SIZE        =      6    ----
   CONSTANT SIZE    =   ----    ----
   XDATA SIZE       =   ----    ----
   PDATA SIZE       =   ----    ----
   DATA SIZE        =   ----    ----
   IDATA SIZE       =   ----    ----
   BIT SIZE         =   ----    ----
END OF MODULE INFORMATION.


C51 COMPILATION COMPLETE.  0 WARNING(S),  0 ERROR(S)
