BL51 BANKED LINKER/LOCATER V6.22.2.0                                                    10/30/2023  23:23:24  PAGE 1


BL51 BANKED LINKER/LOCATER V6.22.2.0, INVOKED BY:
C:\KEIL_V5\C51\BIN\BL51.EXE .\OBJ\HardWare.obj, .\OBJ\SPI.obj, .\OBJ\Timer0.obj, .\OBJ\SystemClock.obj, .\OBJ\Delay.obj,
>>  .\OBJ\eeprom.obj, .\OBJ\memmap.obj, .\OBJ\BOD.obj, .\OBJ\MAIN.obj, .\OBJ\Dice.obj, .\OBJ\LedBoard.obj, .\OBJ\UserDri
>> verBridge.obj, .\OBJ\USER.obj, .\OBJ\UserInput.obj, .\OBJ\Buzzer.obj, .\OBJ\Settings.obj TO .\OBJ\LudoV1.0 PRINT (.\L
>> ST\LudoV1.m51) RAMSIZE (256)


MEMORY MODEL: SMALL


INPUT MODULES INCLUDED:
  .\OBJ\HardWare.obj (HARDWARE)
  .\OBJ\SPI.obj (SPI)
  .\OBJ\Timer0.obj (TIMER0)
  .\OBJ\SystemClock.obj (SYSTEMCLOCK)
  .\OBJ\Delay.obj (DELAY)
  .\OBJ\eeprom.obj (EEPROM)
  .\OBJ\memmap.obj (MEMMAP)
  .\OBJ\BOD.obj (BOD)
  .\OBJ\MAIN.obj (MAIN)
  .\OBJ\Dice.obj (DICE)
  .\OBJ\LedBoard.obj (LEDBOARD)
  .\OBJ\UserDriverBridge.obj (USERDRIVERBRIDGE)
  .\OBJ\USER.obj (USER)
  .\OBJ\UserInput.obj (USERINPUT)
  .\OBJ\Buzzer.obj (BUZZER)
  .\OBJ\Settings.obj (SETTINGS)
  C:\KEIL_V5\C51\LIB\C51S.LIB (?C_STARTUP)
  C:\KEIL_V5\C51\LIB\C51S.LIB (?C?CLDPTR)
  C:\KEIL_V5\C51\LIB\C51S.LIB (?C?CLDOPTR)
  C:\KEIL_V5\C51\LIB\C51S.LIB (?C?CSTPTR)
  C:\KEIL_V5\C51\LIB\C51S.LIB (?C?CSTOPTR)
  C:\KEIL_V5\C51\LIB\C51S.LIB (?C?LNOT)
  C:\KEIL_V5\C51\LIB\C51S.LIB (?C?ULCMP)
  C:\KEIL_V5\C51\LIB\C51S.LIB (?C?LSHL)
  C:\KEIL_V5\C51\LIB\C51S.LIB (?C?CCASE)
  C:\KEIL_V5\C51\LIB\C51S.LIB (RAND)
  C:\KEIL_V5\C51\LIB\C51S.LIB (?C_INIT)


LINK MAP OF MODULE:  .\OBJ\LudoV1.0 (HARDWARE)


            TYPE    BASE      LENGTH    RELOCATION   SEGMENT NAME
            -----------------------------------------------------

            * * * * * * *   D A T A   M E M O R Y   * * * * * * *
            REG     0000H     0008H     ABSOLUTE     "REG BANK 0"
            DATA    0008H     0013H     UNIT         _DATA_GROUP_
            DATA    001BH     0005H     UNIT         ?DT?BUZZER
            BIT     0020H.0   0001H.0   UNIT         ?BI?USER
            BIT     0021H.0   0000H.6   UNIT         ?BI?SETTINGS
            BIT     0021H.6   0000H.3   UNIT         ?BI?DICE
            BIT     0022H.1   0000H.3   UNIT         ?BI?USERINPUT
            BIT     0022H.4   0000H.1   UNIT         ?BI?_EEPROM_WRITE_NBYTE?EEPROM
            BIT     0022H.5   0000H.1   UNIT         ?BI?BOD
            BIT     0022H.6   0000H.1   UNIT         ?BI?BUZZER
            BIT     0022H.7   0000H.1   UNIT         _BIT_GROUP_
BL51 BANKED LINKER/LOCATER V6.22.2.0                                                  10/30/2023  23:23:24  PAGE 2


            DATA    0023H     0022H     UNIT         ?DT?USERDRIVERBRIDGE
            DATA    0045H     0011H     UNIT         ?DT?USERINPUT
            DATA    0056H     000CH     UNIT         ?DT?LEDBOARD
            DATA    0062H     000AH     UNIT         ?DT?USER
            DATA    006CH     0009H     UNIT         ?DT?DICE
            DATA    0075H     0006H     UNIT         ?DT?_EEPROM_WRITE_NBYTE?EEPROM
            DATA    007BH     0004H     UNIT         ?DT?RAND?RAND
            DATA    007FH     0001H     UNIT         ?DT?_RANDOM?DICE
            IDATA   0080H     0016H     UNIT         ?ID?USER
            IDATA   0096H     0006H     UNIT         ?ID?_EEPROM_WRITE_NBYTE?EEPROM
            IDATA   009CH     0006H     UNIT         _IDATA_GROUP_
            IDATA   00A2H     0003H     UNIT         ?ID?DICE
            IDATA   00A5H     0002H     UNIT         ?ID?SETTINGS
            IDATA   00A7H     0001H     UNIT         ?STACK

            * * * * * * *  X D A T A   M E M O R Y  * * * * * * *
            XDATA   0000H     0019H     UNIT         ?XD?_EEPROM_WRITE_NBYTE?EEPROM
            XDATA   0019H     0011H     UNIT         ?XD?SAVEALLCRNTSETTINGS?MEMMAP

            * * * * * * *   C O D E   M E M O R Y   * * * * * * *
            CODE    0000H     0003H     ABSOLUTE     
            CODE    0003H     0008H     UNIT         ?PR?_EEPROM_READ_BYTE?EEPROM
            CODE    000BH     0003H     ABSOLUTE     
            CODE    000EH     0041H     UNIT         ?PR?MAIN?MAIN
            CODE    004FH     0003H     UNIT         ?PR?STOPBEEP?BUZZER
                    0052H     0001H                  *** GAP ***
            CODE    0053H     0003H     ABSOLUTE     
            CODE    0056H     0319H     UNIT         ?PR?_GETTOKENLOCATION?LEDBOARD
            CODE    036FH     0215H     UNIT         ?PR?MANAGEANIMATION?USER
            CODE    0584H     0201H     UNIT         ?PR?_DCODETOKNTOLEDNUMBER?USERDRIVERBRIDGE
            CODE    0785H     01C6H     UNIT         ?PR?CHECKKEYVSTOKN?USERINPUT
            CODE    094BH     01BAH     UNIT         ?PR?DICEMANAGER?DICE
            CODE    0B05H     0196H     UNIT         ?PR?REDUSER?USER
            CODE    0C9BH     0191H     UNIT         ?PR?GREENUSER?USER
            CODE    0E2CH     018CH     UNIT         ?PR?BLUEUSER?USER
            CODE    0FB8H     0189H     UNIT         ?PR?YELLOWUSER?USER
            CODE    1141H     0174H     UNIT         ?PR?_SETROWCOLM?LEDBOARD
            CODE    12B5H     0157H     UNIT         ?PR?_ISONLYTOKENMOVABLE?USER
            CODE    140CH     0153H     UNIT         ?PR?_CHECKANDGETCONFLICTID?USER
            CODE    155FH     013AH     UNIT         ?PR?DECODEMANAGER?USERDRIVERBRIDGE
            CODE    1699H     0115H     UNIT         ?PR?_ISDICEVALUEVALID?USER
            CODE    17AEH     010DH     UNIT         ?PR?SCANINPUT?USERINPUT
            CODE    18BBH     0101H     UNIT         ?PR?_EEPROM_WRITE_NBYTE?EEPROM
            CODE    19BCH     00D1H     UNIT         ?C?LIB_CODE
            CODE    1A8DH     00CCH     UNIT         ?PR?LEDMANAGER?LEDBOARD
            CODE    1B59H     00C8H     UNIT         ?PR?LOADPRESETTINGS?MEMMAP
            CODE    1C21H     00C8H     UNIT         ?PR?SETTINGSMANAGER?SETTINGS
            CODE    1CE9H     00B7H     UNIT         ?PR?SETUPMEMMAP?MEMMAP
            CODE    1DA0H     008CH     UNIT         ?C_C51STARTUP
            CODE    1E2CH     0071H     UNIT         ?PR?INITSPIPORT?SPI
            CODE    1E9DH     0071H     UNIT         ?PR?_DSPLYONSEGMENT?DICE
            CODE    1F0EH     0069H     UNIT         ?PR?BUZZERMANAGER?BUZZER
            CODE    1F77H     0068H     UNIT         ?C_INITSEG
            CODE    1FDFH     005CH     UNIT         ?PR?_RANDOMDSPLYONSEGMENT?DICE
            CODE    203BH     005AH     UNIT         ?PR?SAVEALLCRNTSETTINGS?MEMMAP
            CODE    2095H     0054H     UNIT         ?PR?TIMER0_ISR?TIMER0
            CODE    20E9H     004EH     UNIT         ?PR?_ISTOKNONBAITHKI?USER
BL51 BANKED LINKER/LOCATER V6.22.2.0                                                  10/30/2023  23:23:24  PAGE 3


            CODE    2137H     004DH     UNIT         ?PR?RAND?RAND
            CODE    2184H     003DH     UNIT         ?PR?_ISALLTOKENMOVED?USER
            CODE    21C1H     0039H     UNIT         ?PR?_BUZZERTIMERRELOAD?BUZZER
            CODE    21FAH     0036H     UNIT         ?PR?DICETIMER?DICE
            CODE    2230H     0033H     UNIT         ?PR?_MOVETOKEN?USER
            CODE    2263H     002FH     UNIT         ?PR?_SHOWKISKIBARIHAI?DICE
            CODE    2292H     002EH     UNIT         ?PR?INT_SF?BOD
            CODE    22C0H     002CH     UNIT         ?PR?LEDTIMER?LEDBOARD
            CODE    22ECH     002CH     UNIT         ?PR?INPUTSCANTIMER?USERINPUT
            CODE    2318H     002AH     UNIT         ?PR?_SETBEEPINDICATION?BUZZER
            CODE    2342H     0028H     UNIT         ?PR?TIMER0_INIT?TIMER0
            CODE    236AH     0028H     UNIT         ?PR?_NSHIFTOUT?LEDBOARD
            CODE    2392H     0027H     UNIT         ?PR?INITSPI?SPI
            CODE    23B9H     0027H     UNIT         ?PR?_IAP_WRITEBYTE?EEPROM
            CODE    23E0H     0023H     UNIT         ?PR?INITCLOCK?SYSTEMCLOCK
            CODE    2403H     0023H     UNIT         ?PR?_IAP_WRITEPPAGE?BOD
            CODE    2426H     0023H     UNIT         ?PR?_SEARCHANDSETROW?LEDBOARD
            CODE    2449H     0021H     UNIT         ?PR?_IAP_ERASEPAGE?EEPROM
            CODE    246AH     001EH     UNIT         ?PR?_MSDELAY?DELAY
            CODE    2488H     001CH     UNIT         ?PR?_USDELAY?DELAY
            CODE    24A4H     001BH     UNIT         ?PR?_ACTIVATECOLM?USERINPUT
            CODE    24BFH     001BH     UNIT         ?PR?_DEACTIVATECOLM?USERINPUT
            CODE    24DAH     001BH     UNIT         ?PR?GETKEYPRESSED?USERINPUT
            CODE    24F5H     0017H     UNIT         ?PR?ISDICEROLLTIMEREXPR?DICE
            CODE    250CH     0017H     UNIT         ?PR?ISLEDTIMEREXPR?LEDBOARD
            CODE    2523H     0016H     UNIT         ?PR?BEEPTIMER?BUZZER
            CODE    2539H     0014H     UNIT         ?PR?_RANDOM?DICE
            CODE    254DH     0014H     UNIT         ?PR?ANMTNTIMER?USER
            CODE    2561H     0013H     UNIT         ?PR?RESETLEDDSPLY?LEDBOARD
            CODE    2574H     0012H     UNIT         ?PR?_TOKENANIMATOR?USER
            CODE    2586H     0010H     UNIT         ?PR?INITBOD?BOD
            CODE    2596H     000FH     UNIT         ?PR?_STRTDICEROLLTIMER?DICE
            CODE    25A5H     000FH     UNIT         ?PR?CLEARROWCOLM?LEDBOARD
            CODE    25B4H     000FH     UNIT         ?PR?_STRTLEDUPDATETIMER?LEDBOARD
            CODE    25C3H     000EH     UNIT         ?PR?_SPI_TRANFER?SPI
            CODE    25D1H     000EH     UNIT         ?PR?TOKNBLINKTIMER?USERINPUT
            CODE    25DFH     000CH     UNIT         ?PR?_GETCOLMNUMBER?LEDBOARD
            CODE    25EBH     0009H     UNIT         ?PR?READDICEVALUE?DICE
            CODE    25F4H     0008H     UNIT         ?PR?ROLLTHEDICE?DICE
            CODE    25FCH     0007H     UNIT         ?PR?INITINTERRUPT?BOD
            CODE    2603H     0006H     UNIT         ?PR?HARDWAREINIT?HARDWARE
            CODE    2609H     0006H     UNIT         ?PR?STARTBEEP?BUZZER
            CODE    260FH     0005H     UNIT         ?PR?_SETARROWPOINTTO?DICE
                    2614H     17ECH                  *** GAP ***
            CODE    3E00H     0032H     ABSOLUTE     



OVERLAY MAP OF MODULE:   .\OBJ\LudoV1.0 (HARDWARE)


SEGMENT                                             BIT_GROUP          DATA_GROUP          IDATA_GROUP
  +--> CALLED SEGMENT                            START    LENGTH     START    LENGTH     START    LENGTH
--------------------------------------------------------------------------------------------------------
?PR?TIMER0_ISR?TIMER0                            -----    -----      -----    -----      -----    -----
  +--> ?PR?ANMTNTIMER?USER
  +--> ?PR?DICETIMER?DICE
BL51 BANKED LINKER/LOCATER V6.22.2.0                                                  10/30/2023  23:23:24  PAGE 4


  +--> ?PR?LEDTIMER?LEDBOARD
  +--> ?PR?INPUTSCANTIMER?USERINPUT
  +--> ?PR?BEEPTIMER?BUZZER
  +--> ?PR?TOKNBLINKTIMER?USERINPUT

*** NEW ROOT ***************************************************

?C_C51STARTUP                                    -----    -----      -----    -----      -----    -----
  +--> ?PR?MAIN?MAIN
  +--> ?C_INITSEG

?PR?MAIN?MAIN                                    -----    -----      -----    -----      -----    -----
  +--> ?PR?_MSDELAY?DELAY
  +--> ?PR?INITCLOCK?SYSTEMCLOCK
  +--> ?PR?HARDWAREINIT?HARDWARE
  +--> ?PR?INITSPI?SPI
  +--> ?PR?INITBOD?BOD
  +--> ?PR?SETUPMEMMAP?MEMMAP
  +--> ?PR?LOADPRESETTINGS?MEMMAP
  +--> ?PR?REDUSER?USER
  +--> ?PR?GREENUSER?USER
  +--> ?PR?BLUEUSER?USER
  +--> ?PR?YELLOWUSER?USER
  +--> ?PR?SETTINGSMANAGER?SETTINGS
  +--> ?PR?DICEMANAGER?DICE
  +--> ?PR?DECODEMANAGER?USERDRIVERBRIDGE
  +--> ?PR?LEDMANAGER?LEDBOARD
  +--> ?PR?SCANINPUT?USERINPUT
  +--> ?PR?CHECKKEYVSTOKN?USERINPUT
  +--> ?PR?BUZZERMANAGER?BUZZER
  +--> ?PR?MANAGEANIMATION?USER

?PR?_MSDELAY?DELAY                               -----    -----      -----    -----      -----    -----
  +--> ?PR?_USDELAY?DELAY

?PR?INITCLOCK?SYSTEMCLOCK                        -----    -----      -----    -----      -----    -----
  +--> ?PR?_USDELAY?DELAY

?PR?HARDWAREINIT?HARDWARE                        -----    -----      -----    -----      -----    -----
  +--> ?PR?TIMER0_INIT?TIMER0

?PR?INITSPI?SPI                                  -----    -----      -----    -----      -----    -----
  +--> ?PR?INITSPIPORT?SPI

?PR?INITBOD?BOD                                  -----    -----      -----    -----      -----    -----
  +--> ?PR?_IAP_WRITEPPAGE?BOD
  +--> ?PR?INITINTERRUPT?BOD

?PR?_IAP_WRITEPPAGE?BOD                          0022H.7  0000H.1    -----    -----      -----    -----

?PR?SETUPMEMMAP?MEMMAP                           -----    -----      -----    -----      -----    -----
  +--> ?PR?_EEPROM_READ_BYTE?EEPROM
  +--> ?PR?_IAP_ERASEPAGE?EEPROM
  +--> ?PR?_IAP_WRITEBYTE?EEPROM

?PR?_IAP_ERASEPAGE?EEPROM                        0022H.7  0000H.1    -----    -----      -----    -----

BL51 BANKED LINKER/LOCATER V6.22.2.0                                                  10/30/2023  23:23:24  PAGE 5


?PR?_IAP_WRITEBYTE?EEPROM                        0022H.7  0000H.1    -----    -----      -----    -----

?PR?LOADPRESETTINGS?MEMMAP                       -----    -----      -----    -----      -----    -----
  +--> ?PR?_EEPROM_READ_BYTE?EEPROM
  +--> ?PR?_IAP_WRITEBYTE?EEPROM

?PR?REDUSER?USER                                 -----    -----      -----    -----      -----    -----
  +--> ?PR?_ISALLTOKENMOVED?USER
  +--> ?PR?ROLLTHEDICE?DICE
  +--> ?PR?READDICEVALUE?DICE
  +--> ?PR?_ISDICEVALUEVALID?USER
  +--> ?PR?_ISONLYTOKENMOVABLE?USER
  +--> ?PR?_SETARROWPOINTTO?DICE
  +--> ?PR?_MOVETOKEN?USER
  +--> ?PR?_TOKENANIMATOR?USER

?PR?_ISDICEVALUEVALID?USER                       -----    -----      0008H    0001H      -----    -----

?PR?_ISONLYTOKENMOVABLE?USER                     -----    -----      -----    -----      009CH    0006H

?PR?GREENUSER?USER                               -----    -----      -----    -----      -----    -----
  +--> ?PR?_ISALLTOKENMOVED?USER
  +--> ?PR?ROLLTHEDICE?DICE
  +--> ?PR?READDICEVALUE?DICE
  +--> ?PR?_ISDICEVALUEVALID?USER
  +--> ?PR?_ISONLYTOKENMOVABLE?USER
  +--> ?PR?_SETARROWPOINTTO?DICE
  +--> ?PR?_MOVETOKEN?USER
  +--> ?PR?_TOKENANIMATOR?USER

?PR?BLUEUSER?USER                                -----    -----      -----    -----      -----    -----
  +--> ?PR?_ISALLTOKENMOVED?USER
  +--> ?PR?ROLLTHEDICE?DICE
  +--> ?PR?READDICEVALUE?DICE
  +--> ?PR?_ISDICEVALUEVALID?USER
  +--> ?PR?_ISONLYTOKENMOVABLE?USER
  +--> ?PR?_SETARROWPOINTTO?DICE
  +--> ?PR?_MOVETOKEN?USER
  +--> ?PR?_TOKENANIMATOR?USER

?PR?YELLOWUSER?USER                              -----    -----      -----    -----      -----    -----
  +--> ?PR?_ISALLTOKENMOVED?USER
  +--> ?PR?ROLLTHEDICE?DICE
  +--> ?PR?READDICEVALUE?DICE
  +--> ?PR?_ISDICEVALUEVALID?USER
  +--> ?PR?_ISONLYTOKENMOVABLE?USER
  +--> ?PR?_SETARROWPOINTTO?DICE
  +--> ?PR?_MOVETOKEN?USER
  +--> ?PR?_TOKENANIMATOR?USER

?PR?DICEMANAGER?DICE                             -----    -----      0008H    0001H      -----    -----
  +--> ?PR?_DSPLYONSEGMENT?DICE
  +--> ?PR?_STRTDICEROLLTIMER?DICE
  +--> ?PR?ISDICEROLLTIMEREXPR?DICE
  +--> ?PR?_RANDOMDSPLYONSEGMENT?DICE
  +--> ?PR?STARTBEEP?BUZZER
  +--> ?PR?STOPBEEP?BUZZER
BL51 BANKED LINKER/LOCATER V6.22.2.0                                                  10/30/2023  23:23:24  PAGE 6


  +--> ?PR?_SHOWKISKIBARIHAI?DICE

?PR?_DSPLYONSEGMENT?DICE                         0022H.7  0000H.1    -----    -----      -----    -----
  +--> ?PR?_SPI_TRANFER?SPI

?PR?_RANDOMDSPLYONSEGMENT?DICE                   -----    -----      -----    -----      -----    -----
  +--> ?PR?_SPI_TRANFER?SPI

?PR?_SHOWKISKIBARIHAI?DICE                       -----    -----      -----    -----      -----    -----
  +--> ?PR?_SPI_TRANFER?SPI

?PR?DECODEMANAGER?USERDRIVERBRIDGE               -----    -----      -----    -----      -----    -----
  +--> ?PR?_DCODETOKNTOLEDNUMBER?USERDRIVERB...

?PR?LEDMANAGER?LEDBOARD                          -----    -----      0008H    0003H      -----    -----
  +--> ?PR?RESETLEDDSPLY?LEDBOARD
  +--> ?PR?_STRTLEDUPDATETIMER?LEDBOARD
  +--> ?PR?ISLEDTIMEREXPR?LEDBOARD
  +--> ?PR?CLEARROWCOLM?LEDBOARD
  +--> ?PR?_SEARCHANDSETROW?LEDBOARD
  +--> ?PR?_NSHIFTOUT?LEDBOARD

?PR?RESETLEDDSPLY?LEDBOARD                       -----    -----      -----    -----      -----    -----
  +--> ?PR?_NSHIFTOUT?LEDBOARD

?PR?_NSHIFTOUT?LEDBOARD                          -----    -----      000BH    0002H      -----    -----
  +--> ?PR?_SPI_TRANFER?SPI

?PR?_SEARCHANDSETROW?LEDBOARD                    -----    -----      000BH    0003H      -----    -----
  +--> ?PR?_GETCOLMNUMBER?LEDBOARD
  +--> ?PR?_SETROWCOLM?LEDBOARD

?PR?_GETCOLMNUMBER?LEDBOARD                      -----    -----      000EH    0002H      -----    -----
  +--> ?PR?_GETTOKENLOCATION?LEDBOARD

?PR?_GETTOKENLOCATION?LEDBOARD                   -----    -----      0016H    0005H      -----    -----

?PR?_SETROWCOLM?LEDBOARD                         -----    -----      000EH    0008H      -----    -----
  +--> ?PR?_GETTOKENLOCATION?LEDBOARD

?PR?SCANINPUT?USERINPUT                          -----    -----      -----    -----      -----    -----
  +--> ?PR?_ACTIVATECOLM?USERINPUT
  +--> ?PR?_DEACTIVATECOLM?USERINPUT
  +--> ?PR?GETKEYPRESSED?USERINPUT
  +--> ?PR?_SETBEEPINDICATION?BUZZER

?PR?_SETBEEPINDICATION?BUZZER                    -----    -----      -----    -----      -----    -----
  +--> ?PR?_BUZZERTIMERRELOAD?BUZZER

?PR?_BUZZERTIMERRELOAD?BUZZER                    0022H.7  0000H.1    -----    -----      -----    -----

?PR?CHECKKEYVSTOKN?USERINPUT                     -----    -----      -----    -----      -----    -----
  +--> ?PR?_DCODETOKNTOLEDNUMBER?USERDRIVERB...

?PR?BUZZERMANAGER?BUZZER                         -----    -----      -----    -----      -----    -----
  +--> ?PR?_BUZZERTIMERRELOAD?BUZZER

BL51 BANKED LINKER/LOCATER V6.22.2.0                                                  10/30/2023  23:23:24  PAGE 7


?PR?MANAGEANIMATION?USER                         -----    -----      -----    -----      -----    -----
  +--> ?PR?STARTBEEP?BUZZER
  +--> ?PR?STOPBEEP?BUZZER
  +--> ?PR?_CHECKANDGETCONFLICTID?USER

?PR?_CHECKANDGETCONFLICTID?USER                  -----    -----      -----    -----      -----    -----
  +--> ?PR?_ISTOKNONBAITHKI?USER



SYMBOL TABLE OF MODULE:  .\OBJ\LudoV1.0 (HARDWARE)

  VALUE           TYPE          NAME
  ----------------------------------

  -------         MODULE        HARDWARE
  C:0000H         SYMBOL        _ICE_DUMMY_
  D:0090H         PUBLIC        P1
  D:00A0H         PUBLIC        P2
  D:00C0H         PUBLIC        XICON
  D:00B0H         PUBLIC        P3
  D:00E8H         PUBLIC        P4
  D:00F8H         PUBLIC        P6
  B:00A8H.7       PUBLIC        EA
  D:00A8H         PUBLIC        IE
  D:00B8H         PUBLIC        IP0L
  D:00D8H         PUBLIC        CCON
  C:2603H         PUBLIC        HardWareInit
  D:0088H         PUBLIC        TCON
  D:0098H         PUBLIC        S0CON
  D:0098H         PUBLIC        S1CON
  D:00C8H         PUBLIC        T2CON
  D:00C8H         PUBLIC        T3CON
  D:00C8H         PUBLIC        T5CON
  D:00C8H         PUBLIC        T6CON
  D:00D0H         PUBLIC        PSW
  -------         PROC          HARDWAREINIT
  C:2603H         LINE#         8
  C:2603H         LINE#         9
  C:2603H         LINE#         18
  C:2606H         LINE#         19
  C:2608H         LINE#         20
  -------         ENDPROC       HARDWAREINIT
  -------         ENDMOD        HARDWARE

  -------         MODULE        SPI
  C:0000H         SYMBOL        _ICE_DUMMY_
  D:0091H         PUBLIC        P1M0
  D:0095H         PUBLIC        P2M0
  D:0092H         PUBLIC        P1M1
  D:00B1H         PUBLIC        P3M0
  D:0092H         PUBLIC        P2M1
  D:0090H         PUBLIC        P1
  D:00B2H         PUBLIC        P3M1
  D:00A0H         PUBLIC        P2
  D:00C0H         PUBLIC        XICON
  D:00B0H         PUBLIC        P3
BL51 BANKED LINKER/LOCATER V6.22.2.0                                                  10/30/2023  23:23:24  PAGE 8


  C:2392H         PUBLIC        InitSPI
  D:00E8H         PUBLIC        P4
  D:00B5H         PUBLIC        P6M0
  D:0092H         PUBLIC        P6M1
  D:0085H         PUBLIC        SPCON
  D:00F8H         PUBLIC        P6
  D:00ACH         PUBLIC        SFRPI
  D:00A8H         PUBLIC        IE
  D:00B8H         PUBLIC        IP0L
  D:00A4H         PUBLIC        AUXR10
  D:00D8H         PUBLIC        CCON
  C:1E2CH         PUBLIC        InitSPIPort
  D:00B4H         PUBLIC        PDRVC0
  B:0090H.0       PUBLIC        P10
  B:0090H.1       PUBLIC        P11
  B:00B0H.0       PUBLIC        P30
  B:00A0H.2       PUBLIC        P22
  D:0088H         PUBLIC        TCON
  B:00F8H.0       PUBLIC        P60
  B:00A0H.4       PUBLIC        P24
  B:0090H.5       PUBLIC        P15
  B:00F8H.1       PUBLIC        P61
  B:0090H.6       PUBLIC        P16
  C:25C3H         PUBLIC        _SPI_tranfer
  D:0092H         PUBLIC        P1FDC
  D:0092H         PUBLIC        P3FDC
  D:0084H         PUBLIC        SPSTAT
  D:0098H         PUBLIC        S0CON
  D:0098H         PUBLIC        S1CON
  D:00C8H         PUBLIC        T2CON
  D:00C8H         PUBLIC        T3CON
  D:00C8H         PUBLIC        T5CON
  D:00C8H         PUBLIC        T6CON
  D:00D0H         PUBLIC        PSW
  D:0086H         PUBLIC        SPDAT
  -------         PROC          _SPI_TRANFER
  D:0007H         SYMBOL        Data
  C:25C3H         LINE#         9
  C:25C3H         LINE#         10
  C:25C3H         LINE#         11
  C:25C5H         LINE#         12
  C:25CBH         LINE#         13
  C:25CEH         LINE#         14
  C:25D0H         LINE#         15
  -------         ENDPROC       _SPI_TRANFER
  -------         PROC          INITSPIPORT
  C:1E2CH         LINE#         18
  C:1E2CH         LINE#         19
  C:1E2CH         LINE#         32
  C:1E32H         LINE#         33
  C:1E38H         LINE#         34
  C:1E3EH         LINE#         35
  C:1E44H         LINE#         37
  C:1E4AH         LINE#         38
  C:1E4CH         LINE#         40
  C:1E52H         LINE#         41
  C:1E54H         LINE#         42
BL51 BANKED LINKER/LOCATER V6.22.2.0                                                  10/30/2023  23:23:24  PAGE 9


  C:1E56H         LINE#         43
  C:1E58H         LINE#         44
  C:1E5AH         LINE#         45
  C:1E69H         LINE#         46
  C:1E74H         LINE#         47
  C:1E7CH         LINE#         49
  C:1E84H         LINE#         50
  C:1E8CH         LINE#         52
  C:1E94H         LINE#         53
  C:1E9CH         LINE#         60
  -------         ENDPROC       INITSPIPORT
  -------         PROC          INITSPI
  C:2392H         LINE#         63
  C:2392H         LINE#         64
  C:2392H         LINE#         65
  C:2395H         LINE#         66
  C:2398H         LINE#         67
  C:239BH         LINE#         68
  C:23A6H         LINE#         69
  C:23A9H         LINE#         70
  C:23ACH         LINE#         71
  C:23AFH         LINE#         73
  C:23B8H         LINE#         74
  -------         ENDPROC       INITSPI
  -------         ENDMOD        SPI

  -------         MODULE        TIMER0
  C:0000H         SYMBOL        _ICE_DUMMY_
  D:0090H         PUBLIC        P1
  D:00A0H         PUBLIC        P2
  D:00C0H         PUBLIC        XICON
  D:00B0H         PUBLIC        P3
  C:2095H         PUBLIC        Timer0_ISR
  D:00E8H         PUBLIC        P4
  D:00F8H         PUBLIC        P6
  D:00ACH         PUBLIC        SFRPI
  D:00A8H         PUBLIC        IE
  D:00B8H         PUBLIC        IP0L
  D:00D8H         PUBLIC        CCON
  D:0089H         PUBLIC        TMOD
  D:0088H         PUBLIC        TCON
  B:00A8H.1       PUBLIC        ET0
  C:2342H         PUBLIC        Timer0_INIT
  D:008CH         PUBLIC        TH0
  D:008AH         PUBLIC        TL0
  B:0088H.4       PUBLIC        TR0
  D:0098H         PUBLIC        S0CON
  D:0098H         PUBLIC        S1CON
  D:00C8H         PUBLIC        T2CON
  D:00C8H         PUBLIC        T3CON
  D:00C8H         PUBLIC        T5CON
  D:00C8H         PUBLIC        T6CON
  D:00A3H         PUBLIC        AUXR2
  D:00A4H         PUBLIC        AUXR3
  D:00D0H         PUBLIC        PSW
  D:00A4H         PUBLIC        AUXR9
  -------         PROC          TIMER0_INIT
BL51 BANKED LINKER/LOCATER V6.22.2.0                                                  10/30/2023  23:23:24  PAGE 10


  C:2342H         LINE#         13
  C:2342H         LINE#         14
  C:2342H         LINE#         15
  C:234AH         LINE#         16
  C:2353H         LINE#         17
  C:235FH         LINE#         19
  C:2362H         LINE#         20
  C:2365H         LINE#         22
  C:2367H         LINE#         23
  C:2369H         LINE#         24
  -------         ENDPROC       TIMER0_INIT
  -------         PROC          TIMER0_ISR
  C:2095H         LINE#         29
  C:20B2H         LINE#         31
  C:20BAH         LINE#         32
  C:20BDH         LINE#         33
  C:20C0H         LINE#         34
  C:20C3H         LINE#         35
  C:20C6H         LINE#         36
  C:20C9H         LINE#         37
  C:20CCH         LINE#         38
  C:20CEH         LINE#         39
  -------         ENDPROC       TIMER0_ISR
  -------         ENDMOD        TIMER0

  -------         MODULE        SYSTEMCLOCK
  C:0000H         SYMBOL        _ICE_DUMMY_
  D:0090H         PUBLIC        P1
  D:00A0H         PUBLIC        P2
  D:00E7H         PUBLIC        ISPCR
  D:00C0H         PUBLIC        XICON
  D:00B0H         PUBLIC        P3
  D:00E8H         PUBLIC        P4
  C:23E0H         PUBLIC        InitClock
  D:00F8H         PUBLIC        P6
  D:00A8H         PUBLIC        IE
  D:00B8H         PUBLIC        IP0L
  D:00C7H         PUBLIC        CKCON0
  D:00D8H         PUBLIC        CCON
  D:00E6H         PUBLIC        SCMD
  D:00E3H         PUBLIC        IFADRH
  D:00E5H         PUBLIC        IFMT
  D:00E4H         PUBLIC        IFADRL
  D:0088H         PUBLIC        TCON
  D:00E2H         PUBLIC        IFD
  D:0098H         PUBLIC        S0CON
  D:0098H         PUBLIC        S1CON
  D:00C8H         PUBLIC        T2CON
  D:00C8H         PUBLIC        T3CON
  D:00C8H         PUBLIC        T5CON
  D:00C8H         PUBLIC        T6CON
  D:00D0H         PUBLIC        PSW
  -------         PROC          INITCLOCK
  C:23E0H         LINE#         11
  C:23E0H         LINE#         12
  C:23E0H         LINE#         136
  C:23E3H         LINE#         137
BL51 BANKED LINKER/LOCATER V6.22.2.0                                                  10/30/2023  23:23:24  PAGE 11


  C:23E8H         LINE#         139
  C:2402H         LINE#         144
  -------         ENDPROC       INITCLOCK
  -------         ENDMOD        SYSTEMCLOCK

  -------         MODULE        DELAY
  C:0000H         SYMBOL        _ICE_DUMMY_
  D:0090H         PUBLIC        P1
  D:00A0H         PUBLIC        P2
  D:00C0H         PUBLIC        XICON
  D:00B0H         PUBLIC        P3
  D:00E8H         PUBLIC        P4
  D:00F8H         PUBLIC        P6
  D:00E1H         PUBLIC        WDTCR
  D:00A8H         PUBLIC        IE
  D:00B8H         PUBLIC        IP0L
  D:00D8H         PUBLIC        CCON
  D:0088H         PUBLIC        TCON
  C:246AH         PUBLIC        _msDelay
  C:248FH         PUBLIC        _usDelay
  D:0098H         PUBLIC        S0CON
  D:0098H         PUBLIC        S1CON
  D:00C8H         PUBLIC        T2CON
  D:00C8H         PUBLIC        T3CON
  D:00C8H         PUBLIC        T5CON
  D:00C8H         PUBLIC        T6CON
  D:00D0H         PUBLIC        PSW
  -------         PROC          L?0008
  -------         ENDPROC       L?0008
  -------         PROC          _USDELAY
  D:0007H         SYMBOL        xUs
  C:248FH         LINE#         13
  C:248FH         LINE#         14
  C:248FH         LINE#         15
  C:2492H         LINE#         16
  C:2492H         LINE#         18
  C:2493H         LINE#         21
  C:2494H         LINE#         22
  C:2495H         LINE#         23
  C:2496H         LINE#         24
  C:2497H         LINE#         27
  C:2498H         LINE#         31
  C:2499H         LINE#         32
  C:249AH         LINE#         33
  C:249BH         LINE#         34
  C:249CH         LINE#         35
  C:249DH         LINE#         36
  C:249EH         LINE#         39
  C:249FH         LINE#         40
  C:24A0H         LINE#         55
  C:24A1H         LINE#         56
  C:24A3H         LINE#         57
  -------         ENDPROC       _USDELAY
  -------         PROC          _MSDELAY
  D:0004H         SYMBOL        xMs
  C:246AH         LINE#         60
  C:246EH         LINE#         61
BL51 BANKED LINKER/LOCATER V6.22.2.0                                                  10/30/2023  23:23:24  PAGE 12


  C:246EH         LINE#         62
  C:2472H         LINE#         63
  C:2472H         LINE#         64
  C:2475H         LINE#         65
  C:2475H         LINE#         66
  C:2478H         LINE#         67
  C:2478H         LINE#         68
  C:247BH         LINE#         69
  C:2480H         LINE#         70
  C:2485H         LINE#         72
  C:2487H         LINE#         73
  -------         ENDPROC       _MSDELAY
  -------         ENDMOD        DELAY

  -------         MODULE        EEPROM
  C:0000H         SYMBOL        _ICE_DUMMY_
  D:0090H         PUBLIC        P1
  D:00A0H         PUBLIC        P2
  D:00E7H         PUBLIC        ISPCR
  D:00C0H         PUBLIC        XICON
  D:00B0H         PUBLIC        P3
  D:00E8H         PUBLIC        P4
  D:00F8H         PUBLIC        P6
  B:00A8H.7       PUBLIC        EA
  D:00A8H         PUBLIC        IE
  D:00B8H         PUBLIC        IP0L
  C:3E00H         PUBLIC        EEPROM_BLOCK
  C:18BBH         PUBLIC        _EEPROM_Write_nByte
  C:0003H         PUBLIC        _EEPROM_Read_Byte
  D:00D8H         PUBLIC        CCON
  D:00E6H         PUBLIC        SCMD
  C:2449H         PUBLIC        _IAP_ErasePage
  D:00E3H         PUBLIC        IFADRH
  D:00E5H         PUBLIC        IFMT
  D:00E4H         PUBLIC        IFADRL
  D:0088H         PUBLIC        TCON
  D:00E2H         PUBLIC        IFD
  C:23B9H         PUBLIC        _IAP_WriteByte
  D:0098H         PUBLIC        S0CON
  D:0098H         PUBLIC        S1CON
  D:00C8H         PUBLIC        T2CON
  D:00C8H         PUBLIC        T3CON
  D:00C8H         PUBLIC        T5CON
  D:00C8H         PUBLIC        T6CON
  D:00D0H         PUBLIC        PSW
  -------         PROC          _EEPROM_READ_BYTE
  D:0082H         SYMBOL        address
  -------         DO            
  D:0007H         SYMBOL        rdata
  -------         ENDDO         
  C:0003H         LINE#         62
  C:0007H         LINE#         63
  C:0007H         LINE#         65
  C:000AH         LINE#         66
  C:000AH         LINE#         67
  -------         ENDPROC       _EEPROM_READ_BYTE
  -------         PROC          _EEPROM_WRITE_NBYTE
BL51 BANKED LINKER/LOCATER V6.22.2.0                                                  10/30/2023  23:23:24  PAGE 13


  D:0075H         SYMBOL        u16EPAddr
  D:0077H         SYMBOL        u8EPData
  D:007AH         SYMBOL        sizeofdata
  -------         DO            
  B:0022H.4       SYMBOL        bEA
  I:0096H         SYMBOL        looptmp
  I:0098H         SYMBOL        u16_addrl_r
  I:009AH         SYMBOL        RAMtmp
  X:0000H         SYMBOL        page_buffer
  -------         ENDDO         
  C:18BBH         LINE#         85
  C:18C5H         LINE#         86
  C:18C5H         LINE#         87
  C:18C9H         LINE#         88
  C:18CFH         LINE#         94
  C:18D4H         LINE#         96
  C:18E8H         LINE#         97
  C:18E8H         LINE#         98
  C:18FDH         LINE#         99
  C:190EH         LINE#         100
  C:1916H         LINE#         102
  C:1931H         LINE#         103
  C:1931H         LINE#         104
  C:1955H         LINE#         105
  C:195FH         LINE#         107
  C:1964H         LINE#         112
  C:1966H         LINE#         113
  C:1969H         LINE#         114
  C:196CH         LINE#         117
  C:1973H         LINE#         118
  C:1987H         LINE#         119
  C:1987H         LINE#         120
  C:1991H         LINE#         121
  C:1994H         LINE#         122
  C:19A1H         LINE#         125
  C:19A4H         LINE#         127
  C:19A7H         LINE#         128
  C:19A8H         LINE#         129
  C:19B2H         LINE#         131
  C:19B5H         LINE#         132
  C:19B7H         LINE#         133
  C:19BBH         LINE#         134
  -------         ENDPROC       _EEPROM_WRITE_NBYTE
  -------         PROC          _IAP_ERASEPAGE
  D:0007H         SYMBOL        ByteAddr
  -------         DO            
  B:0022H.7       SYMBOL        bEA
  -------         ENDDO         
  C:2449H         LINE#         144
  C:2449H         LINE#         145
  C:2449H         LINE#         146
  C:244DH         LINE#         147
  C:244FH         LINE#         148
  C:2452H         LINE#         149
  C:2454H         LINE#         150
  C:2457H         LINE#         151
  C:245AH         LINE#         153
BL51 BANKED LINKER/LOCATER V6.22.2.0                                                  10/30/2023  23:23:24  PAGE 14


  C:245DH         LINE#         154
  C:2460H         LINE#         155
  C:2461H         LINE#         156
  C:2463H         LINE#         157
  C:2465H         LINE#         158
  C:2469H         LINE#         159
  -------         ENDPROC       _IAP_ERASEPAGE
  -------         PROC          _IAP_WRITEBYTE
  D:0002H         SYMBOL        ByteAddr
  D:0005H         SYMBOL        ByteData
  -------         DO            
  B:0022H.7       SYMBOL        bEA
  -------         ENDDO         
  C:23B9H         LINE#         162
  C:23BDH         LINE#         163
  C:23BDH         LINE#         164
  C:23C1H         LINE#         165
  C:23C3H         LINE#         166
  C:23C5H         LINE#         167
  C:23C7H         LINE#         168
  C:23C9H         LINE#         169
  C:23CCH         LINE#         170
  C:23CFH         LINE#         172
  C:23D2H         LINE#         174
  C:23D5H         LINE#         176
  C:23D6H         LINE#         177
  C:23D9H         LINE#         178
  C:23DBH         LINE#         179
  C:23DFH         LINE#         180
  -------         ENDPROC       _IAP_WRITEBYTE
  -------         ENDMOD        EEPROM

  -------         MODULE        MEMMAP
  C:0000H         SYMBOL        _ICE_DUMMY_
  D:0090H         PUBLIC        P1
  D:00A0H         PUBLIC        P2
  C:1B59H         PUBLIC        LoadPreSettings
  D:00C0H         PUBLIC        XICON
  D:00B0H         PUBLIC        P3
  D:00E8H         PUBLIC        P4
  D:00F8H         PUBLIC        P6
  D:00A8H         PUBLIC        IE
  D:00B8H         PUBLIC        IP0L
  C:203BH         PUBLIC        SaveAllCrntSettings
  D:00D8H         PUBLIC        CCON
  D:0088H         PUBLIC        TCON
  C:1CE9H         PUBLIC        SetupMemMap
  D:0098H         PUBLIC        S0CON
  D:0098H         PUBLIC        S1CON
  D:00C8H         PUBLIC        T2CON
  D:00C8H         PUBLIC        T3CON
  D:00C8H         PUBLIC        T5CON
  D:00C8H         PUBLIC        T6CON
  D:00D0H         PUBLIC        PSW
  -------         PROC          SETUPMEMMAP
  -------         DO            
  D:0007H         SYMBOL        EEPROM_Init_Flag
BL51 BANKED LINKER/LOCATER V6.22.2.0                                                  10/30/2023  23:23:24  PAGE 15


  -------         ENDDO         
  C:1CE9H         LINE#         25
  C:1CE9H         LINE#         26
  C:1CE9H         LINE#         29
  C:1CF0H         LINE#         32
  C:1CF8H         LINE#         33
  C:1CF8H         LINE#         35
  C:1CFDH         LINE#         38
  C:1D06H         LINE#         39
  C:1D0FH         LINE#         40
  C:1D18H         LINE#         41
  C:1D21H         LINE#         44
  C:1D2AH         LINE#         45
  C:1D33H         LINE#         46
  C:1D3CH         LINE#         47
  C:1D45H         LINE#         51
  C:1D4EH         LINE#         52
  C:1D57H         LINE#         53
  C:1D60H         LINE#         54
  C:1D69H         LINE#         58
  C:1D72H         LINE#         59
  C:1D7BH         LINE#         60
  C:1D84H         LINE#         61
  C:1D8DH         LINE#         63
  C:1D96H         LINE#         65
  C:1D9FH         LINE#         67
  C:1D9FH         LINE#         69
  -------         ENDPROC       SETUPMEMMAP
  -------         PROC          SAVEALLCRNTSETTINGS
  -------         DO            
  X:0019H         SYMBOL        Data
  -------         ENDDO         
  C:203BH         LINE#         71
  C:203BH         LINE#         72
  C:203BH         LINE#         74
  C:204EH         LINE#         75
  C:205FH         LINE#         76
  C:2070H         LINE#         77
  C:2081H         LINE#         78
  C:2087H         LINE#         79
  -------         ENDPROC       SAVEALLCRNTSETTINGS
  -------         PROC          LOADPRESETTINGS
  -------         DO            
  D:0007H         SYMBOL        ElcCutFlg
  -------         ENDDO         
  C:1B59H         LINE#         82
  C:1B59H         LINE#         83
  C:1B59H         LINE#         85
  C:1B60H         LINE#         86
  C:1B68H         LINE#         87
  C:1B68H         LINE#         88
  C:1B70H         LINE#         90
  C:1B7BH         LINE#         91
  C:1B86H         LINE#         92
  C:1B91H         LINE#         93
  C:1B9CH         LINE#         95
  C:1BA7H         LINE#         96
BL51 BANKED LINKER/LOCATER V6.22.2.0                                                  10/30/2023  23:23:24  PAGE 16


  C:1BB2H         LINE#         97
  C:1BBDH         LINE#         98
  C:1BC8H         LINE#         100
  C:1BD3H         LINE#         101
  C:1BDEH         LINE#         102
  C:1BE9H         LINE#         103
  C:1BF4H         LINE#         105
  C:1BFFH         LINE#         106
  C:1C0AH         LINE#         107
  C:1C15H         LINE#         108
  C:1C20H         LINE#         109
  C:1C20H         LINE#         112
  -------         ENDPROC       LOADPRESETTINGS
  -------         ENDMOD        MEMMAP

  -------         MODULE        BOD
  C:0000H         SYMBOL        _ICE_DUMMY_
  D:0090H         PUBLIC        P1
  D:00A0H         PUBLIC        P2
  D:00E7H         PUBLIC        ISPCR
  D:00C0H         PUBLIC        XICON
  D:00B0H         PUBLIC        P3
  D:00E8H         PUBLIC        P4
  D:00ADH         PUBLIC        EIE1
  D:00F8H         PUBLIC        P6
  B:00A8H.7       PUBLIC        EA
  D:00A8H         PUBLIC        IE
  D:00B8H         PUBLIC        IP0L
  C:2403H         PUBLIC        _IAP_WritePPage
  D:00D8H         PUBLIC        CCON
  D:00E6H         PUBLIC        SCMD
  D:008EH         PUBLIC        SFIE
  D:00E3H         PUBLIC        IFADRH
  D:00E5H         PUBLIC        IFMT
  D:00E4H         PUBLIC        IFADRL
  D:0088H         PUBLIC        TCON
  D:00E2H         PUBLIC        IFD
  D:0097H         PUBLIC        PCON1
  D:0098H         PUBLIC        S0CON
  C:2292H         PUBLIC        INT_SF
  D:0098H         PUBLIC        S1CON
  B:0022H.5       PUBLIC        bBOD1Flag
  D:00C8H         PUBLIC        T2CON
  D:00C8H         PUBLIC        T3CON
  C:25FCH         PUBLIC        InitInterrupt
  D:00C8H         PUBLIC        T5CON
  D:00C8H         PUBLIC        T6CON
  C:2586H         PUBLIC        InitBOD
  D:00D0H         PUBLIC        PSW
  -------         PROC          _IAP_WRITEPPAGE
  D:0007H         SYMBOL        PsfrAddr
  D:0005H         SYMBOL        PsfrData
  -------         DO            
  B:0022H.7       SYMBOL        bEA
  -------         ENDDO         
  C:2403H         LINE#         45
  C:2403H         LINE#         46
BL51 BANKED LINKER/LOCATER V6.22.2.0                                                  10/30/2023  23:23:24  PAGE 17


  C:2403H         LINE#         47
  C:2407H         LINE#         48
  C:2409H         LINE#         49
  C:240CH         LINE#         50
  C:240EH         LINE#         51
  C:2410H         LINE#         52
  C:2413H         LINE#         53
  C:2416H         LINE#         54
  C:2419H         LINE#         55
  C:241CH         LINE#         56
  C:241DH         LINE#         57
  C:241FH         LINE#         58
  C:2421H         LINE#         59
  C:2425H         LINE#         60
  -------         ENDPROC       _IAP_WRITEPPAGE
  -------         PROC          INT_SF
  C:2292H         LINE#         70
  C:2294H         LINE#         72
  C:229AH         LINE#         73
  C:229AH         LINE#         74
  C:229DH         LINE#         75
  C:229DH         LINE#         77
  C:22A3H         LINE#         78
  C:22A3H         LINE#         79
  C:22A6H         LINE#         80
  C:22A8H         LINE#         81
  C:22ABH         LINE#         83
  C:22ABH         LINE#         85
  C:22B1H         LINE#         86
  C:22B1H         LINE#         87
  C:22B4H         LINE#         88
  C:22B4H         LINE#         90
  C:22BAH         LINE#         91
  C:22BAH         LINE#         92
  C:22BDH         LINE#         93
  C:22BDH         LINE#         95
  -------         ENDPROC       INT_SF
  -------         PROC          INITINTERRUPT
  C:25FCH         LINE#         107
  C:25FCH         LINE#         108
  C:25FCH         LINE#         109
  C:25FFH         LINE#         110
  C:2602H         LINE#         111
  -------         ENDPROC       INITINTERRUPT
  -------         PROC          INITBOD
  -------         DO            
  D:0005H         SYMBOL        x
  -------         ENDDO         
  C:2586H         LINE#         121
  C:2586H         LINE#         122
  C:2586H         LINE#         124
  C:2588H         LINE#         126
  C:258BH         LINE#         129
  C:258EH         LINE#         135
  C:258EH         LINE#         139
  C:258EH         LINE#         144
  C:2593H         LINE#         146
BL51 BANKED LINKER/LOCATER V6.22.2.0                                                  10/30/2023  23:23:24  PAGE 18


  -------         ENDPROC       INITBOD
  -------         ENDMOD        BOD

  -------         MODULE        MAIN
  C:0000H         SYMBOL        _ICE_DUMMY_
  D:0090H         PUBLIC        P1
  D:00A0H         PUBLIC        P2
  D:00C0H         PUBLIC        XICON
  D:00B0H         PUBLIC        P3
  D:00E8H         PUBLIC        P4
  D:00F8H         PUBLIC        P6
  B:00A8H.7       PUBLIC        EA
  D:00A8H         PUBLIC        IE
  D:00B8H         PUBLIC        IP0L
  D:00D8H         PUBLIC        CCON
  C:000EH         PUBLIC        main
  D:0088H         PUBLIC        TCON
  D:0098H         PUBLIC        S0CON
  D:0098H         PUBLIC        S1CON
  D:00C8H         PUBLIC        T2CON
  D:00C8H         PUBLIC        T3CON
  D:00C8H         PUBLIC        T5CON
  D:00C8H         PUBLIC        T6CON
  D:00D0H         PUBLIC        PSW
  -------         PROC          MAIN
  C:000EH         LINE#         25
  C:000EH         LINE#         26
  C:000EH         LINE#         27
  C:0015H         LINE#         28
  C:0018H         LINE#         29
  C:001BH         LINE#         30
  C:001EH         LINE#         31
  C:0021H         LINE#         32
  C:0023H         LINE#         33
  C:0026H         LINE#         34
  C:0029H         LINE#         36
  C:0029H         LINE#         37
  C:0029H         LINE#         38
  C:002CH         LINE#         39
  C:002FH         LINE#         40
  C:0032H         LINE#         41
  C:0035H         LINE#         42
  C:0038H         LINE#         43
  C:003BH         LINE#         44
  C:003EH         LINE#         45
  C:0041H         LINE#         46
  C:0044H         LINE#         47
  C:0047H         LINE#         48
  C:004AH         LINE#         49
  C:004DH         LINE#         50
  -------         ENDPROC       MAIN
  -------         ENDMOD        MAIN

  -------         MODULE        DICE
  C:0000H         SYMBOL        _ICE_DUMMY_
  D:0090H         PUBLIC        P1
  I:00A2H         PUBLIC        DiceRandomVal
BL51 BANKED LINKER/LOCATER V6.22.2.0                                                  10/30/2023  23:23:24  PAGE 19


  D:00A0H         PUBLIC        P2
  D:00C0H         PUBLIC        XICON
  D:00B0H         PUBLIC        P3
  D:00E8H         PUBLIC        P4
  C:2539H         PUBLIC        _random
  D:00F8H         PUBLIC        P6
  C:1FDFH         PUBLIC        _RandomDsplyOnSegment
  D:00A8H         PUBLIC        IE
  B:0021H.6       PUBLIC        DiceResultReadyFlg
  C:260FH         PUBLIC        _SetArrowPointTo
  D:006CH         PUBLIC        DiceRoleTimer
  D:0070H         PUBLIC        ArrowState
  D:0071H         PUBLIC        PlayerClr
  D:00B8H         PUBLIC        IP0L
  D:00D8H         PUBLIC        CCON
  C:1E9DH         PUBLIC        _DsplyOnSegment
  D:0072H         PUBLIC        RollCount
  B:0021H.7       PUBLIC        RollDiceCmd
  B:00B0H.1       PUBLIC        P31
  D:0088H         PUBLIC        TCON
  C:25F4H         PUBLIC        RollTheDice
  C:2263H         PUBLIC        _ShowKiskiBariHai
  B:0022H.0       PUBLIC        ArrowPointFlg
  C:094BH         PUBLIC        DiceManager
  I:00A3H         PUBLIC        PrePlayerClr
  C:259CH         PUBLIC        _StrtDiceRollTimer
  D:0098H         PUBLIC        S0CON
  D:0098H         PUBLIC        S1CON
  D:00C8H         PUBLIC        T2CON
  D:00C8H         PUBLIC        T3CON
  D:00C8H         PUBLIC        T5CON
  D:00C8H         PUBLIC        T6CON
  C:25EBH         PUBLIC        ReadDiceValue
  C:24F5H         PUBLIC        IsDiceRollTimerExpr
  D:0073H         PUBLIC        DiceValue
  D:00D0H         PUBLIC        PSW
  D:0074H         PUBLIC        DiceState
  C:21FAH         PUBLIC        DiceTimer
  I:00A4H         PUBLIC        PreLongPressedCounter
  -------         PROC          DICEMANAGER
  -------         DO            
  D:0008H         SYMBOL        DummyDiceValue
  -------         ENDDO         
  C:094BH         LINE#         49
  C:094BH         LINE#         50
  C:094BH         LINE#         51
  C:094EH         LINE#         52
  C:0983H         LINE#         53
  C:0983H         LINE#         54
  C:0983H         LINE#         55
  C:098AH         LINE#         56
  C:098FH         LINE#         57
  C:098FH         LINE#         58
  C:0992H         LINE#         60
  C:0992H         LINE#         61
  C:0995H         LINE#         62
  C:0995H         LINE#         63
BL51 BANKED LINKER/LOCATER V6.22.2.0                                                  10/30/2023  23:23:24  PAGE 20


  C:0997H         LINE#         64
  C:099AH         LINE#         65
  C:099CH         LINE#         66
  C:09A0H         LINE#         67
  C:09A0H         LINE#         68
  C:09A2H         LINE#         69
  C:09A8H         LINE#         70
  C:09A8H         LINE#         71
  C:09AAH         LINE#         72
  C:09AEH         LINE#         73
  C:09B3H         LINE#         74
  C:09B3H         LINE#         75
  C:09B3H         LINE#         76
  C:09B6H         LINE#         78
  C:09B6H         LINE#         79
  C:09BEH         LINE#         80
  C:09BEH         LINE#         81
  C:09C3H         LINE#         82
  C:09D2H         LINE#         83
  C:09D4H         LINE#         84
  C:09DAH         LINE#         85
  C:09DAH         LINE#         86
  C:09DFH         LINE#         87
  C:09E2H         LINE#         88
  C:09E9H         LINE#         89
  C:09F0H         LINE#         90
  C:09F3H         LINE#         91
  C:09F4H         LINE#         93
  C:09FAH         LINE#         94
  C:09FAH         LINE#         95
  C:09FBH         LINE#         97
  C:09FBH         LINE#         98
  C:0A03H         LINE#         99
  C:0A03H         LINE#         100
  C:0A06H         LINE#         101
  C:0A11H         LINE#         102
  C:0A14H         LINE#         103
  C:0A14H         LINE#         104
  C:0A15H         LINE#         106
  C:0A15H         LINE#         107
  C:0A1AH         LINE#         108
  C:0A1AH         LINE#         109
  C:0A1FH         LINE#         110
  C:0A26H         LINE#         111
  C:0A29H         LINE#         112
  C:0A29H         LINE#         113
  C:0A43H         LINE#         114
  C:0A43H         LINE#         115
  C:0A43H         LINE#         116
  C:0A43H         LINE#         117
  C:0A43H         LINE#         118
  C:0A46H         LINE#         120
  C:0A46H         LINE#         121
  C:0A4BH         LINE#         122
  C:0A4BH         LINE#         123
  C:0A50H         LINE#         124
  C:0A55H         LINE#         125
BL51 BANKED LINKER/LOCATER V6.22.2.0                                                  10/30/2023  23:23:24  PAGE 21


  C:0A58H         LINE#         126
  C:0A58H         LINE#         127
  C:0A5EH         LINE#         128
  C:0A5EH         LINE#         130
  C:0A60H         LINE#         132
  C:0A60H         LINE#         133
  C:0A68H         LINE#         134
  C:0A68H         LINE#         135
  C:0A6AH         LINE#         136
  C:0A71H         LINE#         137
  C:0A74H         LINE#         138
  C:0A74H         LINE#         139
  C:0A75H         LINE#         141
  C:0A75H         LINE#         142
  C:0A7AH         LINE#         143
  C:0A7AH         LINE#         144
  C:0A7FH         LINE#         145
  C:0A86H         LINE#         146
  C:0A89H         LINE#         147
  C:0A89H         LINE#         148
  C:0A92H         LINE#         149
  C:0A92H         LINE#         150
  C:0A94H         LINE#         152
  C:0A94H         LINE#         153
  C:0A99H         LINE#         154
  C:0A99H         LINE#         155
  C:0A9EH         LINE#         156
  C:0AA3H         LINE#         157
  C:0AA6H         LINE#         158
  C:0AA6H         LINE#         159
  C:0AAFH         LINE#         160
  C:0AB2H         LINE#         161
  C:0AB3H         LINE#         163
  C:0AB3H         LINE#         164
  C:0AB8H         LINE#         165
  C:0AB8H         LINE#         166
  C:0ABFH         LINE#         167
  C:0AC6H         LINE#         168
  C:0AC9H         LINE#         169
  C:0AC9H         LINE#         170
  C:0AD2H         LINE#         171
  C:0AD5H         LINE#         173
  C:0AE6H         LINE#         174
  C:0AE6H         LINE#         175
  C:0AEAH         LINE#         176
  C:0AEDH         LINE#         177
  C:0AEDH         LINE#         178
  C:0AEEH         LINE#         180
  C:0AEEH         LINE#         181
  C:0AF5H         LINE#         182
  C:0AF5H         LINE#         183
  C:0AF7H         LINE#         184
  C:0AFEH         LINE#         185
  C:0AFEH         LINE#         186
  C:0B01H         LINE#         187
  C:0B04H         LINE#         188
  C:0B04H         LINE#         191
BL51 BANKED LINKER/LOCATER V6.22.2.0                                                  10/30/2023  23:23:24  PAGE 22


  C:0B04H         LINE#         197
  -------         ENDPROC       DICEMANAGER
  -------         PROC          _RANDOM
  D:007FH         SYMBOL        till
  -------         DO            
  D:0007H         SYMBOL        randval
  -------         ENDDO         
  C:2539H         LINE#         203
  C:253BH         LINE#         204
  C:253BH         LINE#         205
  C:253DH         LINE#         206
  C:2540H         LINE#         207
  C:2547H         LINE#         208
  C:254AH         LINE#         209
  C:254CH         LINE#         210
  C:254CH         LINE#         211
  -------         ENDPROC       _RANDOM
  C:2596H         SYMBOL        L?0101
  C:2598H         SYMBOL        L?0102
  -------         PROC          L?0100
  -------         ENDPROC       L?0100
  C:2596H         SYMBOL        L?0101
  C:2598H         SYMBOL        L?0102
  -------         PROC          _STRTDICEROLLTIMER
  D:0004H         SYMBOL        TimerVal
  C:259CH         LINE#         213
  C:259CH         LINE#         214
  C:259CH         LINE#         215
  C:25A4H         LINE#         216
  -------         ENDPROC       _STRTDICEROLLTIMER
  -------         PROC          ISDICEROLLTIMEREXPR
  C:24F5H         LINE#         218
  C:24F5H         LINE#         219
  C:24F5H         LINE#         220
  C:2508H         LINE#         221
  C:250AH         LINE#         223
  C:250BH         LINE#         224
  -------         ENDPROC       ISDICEROLLTIMEREXPR
  -------         PROC          DICETIMER
  C:21FAH         LINE#         230
  C:21FAH         LINE#         231
  C:21FAH         LINE#         232
  C:220DH         LINE#         233
  C:220DH         LINE#         234
  C:2225H         LINE#         235
  C:2225H         LINE#         237
  C:2228H         LINE#         238
  C:222DH         LINE#         239
  C:222FH         LINE#         240
  -------         ENDPROC       DICETIMER
  -------         PROC          READDICEVALUE
  C:25EBH         LINE#         246
  C:25EBH         LINE#         247
  C:25EBH         LINE#         248
  C:25EEH         LINE#         249
  C:25F1H         LINE#         251
  C:25F3H         LINE#         252
BL51 BANKED LINKER/LOCATER V6.22.2.0                                                  10/30/2023  23:23:24  PAGE 23


  -------         ENDPROC       READDICEVALUE
  -------         PROC          ROLLTHEDICE
  C:25F4H         LINE#         253
  C:25F4H         LINE#         254
  C:25F4H         LINE#         255
  C:25F6H         LINE#         256
  C:25F9H         LINE#         257
  C:25FBH         LINE#         258
  -------         ENDPROC       ROLLTHEDICE
  -------         PROC          _DSPLYONSEGMENT
  D:0006H         SYMBOL        Number
  B:0022H.7       SYMBOL        DotPrintTrueFalse
  -------         DO            
  D:0007H         SYMBOL        value
  -------         ENDDO         
  C:1E9DH         LINE#         267
  C:1E9FH         LINE#         268
  C:1E9FH         LINE#         269
  C:1EA1H         LINE#         270
  C:1EA5H         LINE#         271
  C:1EABH         LINE#         272
  C:1ED6H         LINE#         273
  C:1ED6H         LINE#         274
  C:1EDBH         LINE#         275
  C:1EE0H         LINE#         276
  C:1EE5H         LINE#         277
  C:1EEAH         LINE#         278
  C:1EEFH         LINE#         279
  C:1EF4H         LINE#         280
  C:1EF9H         LINE#         281
  C:1EFEH         LINE#         282
  C:1F03H         LINE#         283
  C:1F06H         LINE#         284
  C:1F06H         LINE#         286
  C:1F09H         LINE#         287
  C:1F0BH         LINE#         288
  C:1F0DH         LINE#         290
  -------         ENDPROC       _DSPLYONSEGMENT
  -------         PROC          _RANDOMDSPLYONSEGMENT
  D:0006H         SYMBOL        randomvalue
  -------         DO            
  D:0007H         SYMBOL        value
  -------         ENDDO         
  C:1FDFH         LINE#         293
  C:1FE1H         LINE#         294
  C:1FE1H         LINE#         295
  C:1FE3H         LINE#         296
  C:200EH         LINE#         297
  C:200EH         LINE#         298
  C:2010H         LINE#         299
  C:2010H         LINE#         300
  C:2015H         LINE#         301
  C:2017H         LINE#         302
  C:201CH         LINE#         303
  C:2021H         LINE#         304
  C:2026H         LINE#         305
  C:202BH         LINE#         306
BL51 BANKED LINKER/LOCATER V6.22.2.0                                                  10/30/2023  23:23:24  PAGE 24


  C:2030H         LINE#         307
  C:2033H         LINE#         308
  C:2033H         LINE#         309
  C:2036H         LINE#         310
  C:2038H         LINE#         311
  C:203AH         LINE#         312
  -------         ENDPROC       _RANDOMDSPLYONSEGMENT
  -------         PROC          _SHOWKISKIBARIHAI
  D:0006H         SYMBOL        PlayerClr
  -------         DO            
  D:0007H         SYMBOL        value
  -------         ENDDO         
  C:2263H         LINE#         314
  C:2265H         LINE#         315
  C:2265H         LINE#         316
  C:2267H         LINE#         317
  C:2278H         LINE#         318
  C:2278H         LINE#         319
  C:227DH         LINE#         320
  C:2282H         LINE#         321
  C:2287H         LINE#         322
  C:228AH         LINE#         323
  C:228AH         LINE#         325
  C:228DH         LINE#         326
  C:228FH         LINE#         327
  C:2291H         LINE#         328
  -------         ENDPROC       _SHOWKISKIBARIHAI
  -------         PROC          _SETARROWPOINTTO
  D:0007H         SYMBOL        PlyrClr
  C:260FH         LINE#         331
  C:260FH         LINE#         332
  C:260FH         LINE#         333
  C:2613H         LINE#         334
  -------         ENDPROC       _SETARROWPOINTTO
  -------         ENDMOD        DICE

  -------         MODULE        LEDBOARD
  C:0000H         SYMBOL        _ICE_DUMMY_
  D:0090H         PUBLIC        P1
  D:00A0H         PUBLIC        P2
  D:0056H         PUBLIC        LedUpdateTimer
  D:00C0H         PUBLIC        XICON
  D:00B0H         PUBLIC        P3
  D:00E8H         PUBLIC        P4
  D:005AH         PUBLIC        ActiveLedColm
  D:00F8H         PUBLIC        P6
  D:00A8H         PUBLIC        IE
  D:00B8H         PUBLIC        IP0L
  D:005BH         PUBLIC        LedState
  C:22C0H         PUBLIC        LedTimer
  C:25DFH         PUBLIC        _GetColmNumber
  D:005CH         PUBLIC        LedColm
  D:00D8H         PUBLIC        CCON
  C:236AH         PUBLIC        _nShiftOut
  C:2561H         PUBLIC        ResetLedDsply
  D:005DH         PUBLIC        DataPkt
  C:25A5H         PUBLIC        ClearRowColm
BL51 BANKED LINKER/LOCATER V6.22.2.0                                                  10/30/2023  23:23:24  PAGE 25


  C:25BAH         PUBLIC        _StrtLedUpdateTimer
  D:0088H         PUBLIC        TCON
  B:0090H.7       PUBLIC        P17
  C:1A8DH         PUBLIC        LedManager
  C:242DH         PUBLIC        _SearchAndSetRow
  D:0098H         PUBLIC        S0CON
  C:0056H         PUBLIC        _GetTokenLocation
  D:0098H         PUBLIC        S1CON
  D:00C8H         PUBLIC        T2CON
  D:00C8H         PUBLIC        T3CON
  D:00C8H         PUBLIC        T5CON
  D:00C8H         PUBLIC        T6CON
  C:1141H         PUBLIC        _SetRowColm
  C:250CH         PUBLIC        IsLedTimerExpr
  D:00D0H         PUBLIC        PSW
  -------         PROC          LEDMANAGER
  -------         DO            
  D:0008H         SYMBOL        i
  D:000AH         SYMBOL        scount
  -------         ENDDO         
  C:1A8DH         LINE#         30
  C:1A8DH         LINE#         31
  C:1A8DH         LINE#         32
  C:1A92H         LINE#         33
  C:1A94H         LINE#         34
  C:1AA9H         LINE#         35
  C:1AA9H         LINE#         36
  C:1AA9H         LINE#         37
  C:1AACH         LINE#         38
  C:1AB1H         LINE#         39
  C:1AB4H         LINE#         40
  C:1AB4H         LINE#         41
  C:1AB7H         LINE#         43
  C:1AB7H         LINE#         44
  C:1ABFH         LINE#         45
  C:1ABFH         LINE#         46
  C:1AC2H         LINE#         47
  C:1AC5H         LINE#         48
  C:1AC5H         LINE#         49
  C:1AC6H         LINE#         51
  C:1AC6H         LINE#         52
  C:1ACBH         LINE#         53
  C:1ACBH         LINE#         54
  C:1AD7H         LINE#         55
  C:1AE3H         LINE#         56
  C:1AF6H         LINE#         57
  C:1B09H         LINE#         58
  C:1B1CH         LINE#         60
  C:1B1EH         LINE#         61
  C:1B26H         LINE#         62
  C:1B2BH         LINE#         63
  C:1B41H         LINE#         64
  C:1B41H         LINE#         65
  C:1B44H         LINE#         66
  C:1B47H         LINE#         67
  C:1B47H         LINE#         70
  C:1B47H         LINE#         72
BL51 BANKED LINKER/LOCATER V6.22.2.0                                                  10/30/2023  23:23:24  PAGE 26


  C:1B47H         LINE#         73
  C:1B4CH         LINE#         74
  C:1B4EH         LINE#         75
  C:1B50H         LINE#         76
  C:1B55H         LINE#         77
  C:1B58H         LINE#         78
  C:1B58H         LINE#         79
  C:1B58H         LINE#         81
  -------         ENDPROC       LEDMANAGER
  -------         PROC          RESETLEDDSPLY
  C:2561H         LINE#         86
  C:2561H         LINE#         87
  C:2561H         LINE#         88
  C:2564H         LINE#         89
  C:2567H         LINE#         90
  C:256AH         LINE#         91
  C:256DH         LINE#         92
  C:256FH         LINE#         93
  -------         ENDPROC       RESETLEDDSPLY
  -------         PROC          CLEARROWCOLM
  C:25A5H         LINE#         96
  C:25A5H         LINE#         97
  C:25A5H         LINE#         98
  C:25A8H         LINE#         99
  C:25ABH         LINE#         100
  C:25AEH         LINE#         101
  C:25B1H         LINE#         102
  C:25B3H         LINE#         103
  -------         ENDPROC       CLEARROWCOLM
  -------         PROC          L?0183
  -------         ENDPROC       L?0183
  -------         PROC          _STRTLEDUPDATETIMER
  D:0004H         SYMBOL        TimerVal
  C:25BAH         LINE#         105
  C:25BAH         LINE#         106
  C:25BAH         LINE#         107
  C:25C2H         LINE#         108
  -------         ENDPROC       _STRTLEDUPDATETIMER
  -------         PROC          ISLEDTIMEREXPR
  C:250CH         LINE#         110
  C:250CH         LINE#         111
  C:250CH         LINE#         112
  C:251FH         LINE#         113
  C:2521H         LINE#         115
  C:2522H         LINE#         116
  -------         ENDPROC       ISLEDTIMEREXPR
  -------         PROC          LEDTIMER
  C:22C0H         LINE#         121
  C:22C0H         LINE#         122
  C:22C0H         LINE#         123
  C:22D3H         LINE#         124
  C:22D3H         LINE#         125
  C:22EBH         LINE#         126
  C:22EBH         LINE#         127
  -------         ENDPROC       LEDTIMER
  -------         PROC          L?0182
  -------         ENDPROC       L?0182
BL51 BANKED LINKER/LOCATER V6.22.2.0                                                  10/30/2023  23:23:24  PAGE 27


  -------         PROC          _SEARCHANDSETROW
  D:000BH         SYMBOL        LedColm
  D:000CH         SYMBOL        LedNumber
  D:000DH         SYMBOL        LedColour
  C:242DH         LINE#         130
  C:2433H         LINE#         131
  C:2433H         LINE#         133
  C:243CH         LINE#         134
  C:243CH         LINE#         135
  C:2443H         LINE#         136
  C:2446H         LINE#         137
  C:2446H         LINE#         140
  C:2448H         LINE#         142
  -------         ENDPROC       _SEARCHANDSETROW
  -------         PROC          _GETCOLMNUMBER
  D:0007H         SYMBOL        LedNumber
  -------         DO            
  D:000EH         SYMBOL        ColmRow
  -------         ENDDO         
  C:25DFH         LINE#         144
  C:25DFH         LINE#         145
  C:25DFH         LINE#         147
  C:25E8H         LINE#         148
  C:25EAH         LINE#         149
  -------         ENDPROC       _GETCOLMNUMBER
  -------         PROC          _SETROWCOLM
  D:0007H         SYMBOL        LedNumber
  D:000EH         SYMBOL        LedColour
  -------         DO            
  D:0003H         SYMBOL        colmNumber
  D:0002H         SYMBOL        rowNumber
  D:000FH         SYMBOL        ColmRow
  D:0011H         SYMBOL        subRow
  D:0012H         SYMBOL        subRow1
  D:0014H         SYMBOL        Colm
  -------         ENDDO         
  C:1141H         LINE#         151
  C:1143H         LINE#         152
  C:1143H         LINE#         155
  C:1146H         LINE#         156
  C:114CH         LINE#         157
  C:1151H         LINE#         159
  C:1159H         LINE#         160
  C:1159H         LINE#         161
  C:115BH         LINE#         165
  C:1171H         LINE#         166
  C:1175H         LINE#         167
  C:1179H         LINE#         172
  C:118BH         LINE#         173
  C:118BH         LINE#         174
  C:1194H         LINE#         175
  C:119EH         LINE#         176
  C:11A9H         LINE#         177
  C:11B8H         LINE#         178
  C:11B8H         LINE#         181
  C:11DEH         LINE#         182
  C:1201H         LINE#         183
BL51 BANKED LINKER/LOCATER V6.22.2.0                                                  10/30/2023  23:23:24  PAGE 28


  C:1222H         LINE#         185
  C:1253H         LINE#         186
  C:1284H         LINE#         187
  C:12B4H         LINE#         189
  -------         ENDPROC       _SETROWCOLM
  -------         PROC          _GETTOKENLOCATION
  D:0007H         SYMBOL        pos
  D:0016H         SYMBOL        LocationHolder
  -------         DO            
  D:0019H         SYMBOL        Row
  D:001AH         SYMBOL        colm
  -------         ENDDO         
  C:0056H         LINE#         195
  C:005CH         LINE#         196
  C:005CH         LINE#         199
  C:0071H         LINE#         200
  C:008FH         LINE#         201
  C:009DH         LINE#         202
  C:00BFH         LINE#         203
  C:00DCH         LINE#         204
  C:00ECH         LINE#         205
  C:010DH         LINE#         206
  C:0129H         LINE#         207
  C:0139H         LINE#         208
  C:015AH         LINE#         209
  C:017CH         LINE#         210
  C:0189H         LINE#         212
  C:0189H         LINE#         213
  C:023EH         LINE#         214
  C:023EH         LINE#         215
  C:0243H         LINE#         216
  C:0249H         LINE#         217
  C:024FH         LINE#         218
  C:0255H         LINE#         219
  C:025BH         LINE#         221
  C:0260H         LINE#         222
  C:0266H         LINE#         223
  C:026CH         LINE#         224
  C:0272H         LINE#         225
  C:0277H         LINE#         227
  C:027CH         LINE#         228
  C:0282H         LINE#         229
  C:0287H         LINE#         230
  C:028CH         LINE#         231
  C:0291H         LINE#         233
  C:029AH         LINE#         234
  C:029FH         LINE#         235
  C:02A4H         LINE#         236
  C:02A9H         LINE#         237
  C:02AEH         LINE#         240
  C:02B3H         LINE#         241
  C:02B8H         LINE#         242
  C:02BDH         LINE#         243
  C:02C2H         LINE#         245
  C:02C7H         LINE#         246
  C:02CCH         LINE#         247
  C:02D1H         LINE#         248
BL51 BANKED LINKER/LOCATER V6.22.2.0                                                  10/30/2023  23:23:24  PAGE 29


  C:02D6H         LINE#         250
  C:02DBH         LINE#         251
  C:02E0H         LINE#         252
  C:02E5H         LINE#         253
  C:02EAH         LINE#         255
  C:02F2H         LINE#         256
  C:02FAH         LINE#         257
  C:0302H         LINE#         258
  C:030AH         LINE#         260
  C:030FH         LINE#         261
  C:0314H         LINE#         262
  C:0319H         LINE#         263
  C:031EH         LINE#         265
  C:0323H         LINE#         266
  C:0328H         LINE#         267
  C:032DH         LINE#         268
  C:0332H         LINE#         270
  C:0337H         LINE#         271
  C:033CH         LINE#         272
  C:0341H         LINE#         273
  C:0346H         LINE#         275
  C:0346H         LINE#         276
  C:034BH         LINE#         277
  C:0350H         LINE#         278
  C:0356H         LINE#         280
  C:0356H         LINE#         282
  C:0356H         LINE#         284
  C:0361H         LINE#         285
  -------         ENDPROC       _GETTOKENLOCATION
  -------         PROC          _NSHIFTOUT
  D:0007H         SYMBOL        NumberOfReg
  -------         DO            
  D:000BH         SYMBOL        i
  -------         ENDDO         
  C:236AH         LINE#         287
  C:236AH         LINE#         288
  C:236AH         LINE#         289
  C:236FH         LINE#         290
  C:2370H         LINE#         291
  C:237DH         LINE#         292
  C:237DH         LINE#         293
  C:2387H         LINE#         294
  C:2391H         LINE#         296
  -------         ENDPROC       _NSHIFTOUT
  -------         ENDMOD        LEDBOARD

  -------         MODULE        USERDRIVERBRIDGE
  C:0000H         SYMBOL        _ICE_DUMMY_
  D:0090H         PUBLIC        P1
  D:00A0H         PUBLIC        P2
  D:00C0H         PUBLIC        XICON
  D:00B0H         PUBLIC        P3
  D:00E8H         PUBLIC        P4
  D:00F8H         PUBLIC        P6
  C:155FH         PUBLIC        DecodeManager
  D:00A8H         PUBLIC        IE
  D:00B8H         PUBLIC        IP0L
BL51 BANKED LINKER/LOCATER V6.22.2.0                                                  10/30/2023  23:23:24  PAGE 30


  D:0023H         PUBLIC        PreGreen
  D:00D8H         PUBLIC        CCON
  D:0027H         PUBLIC        PreYellow
  D:002BH         PUBLIC        ToknNmbr
  D:002CH         PUBLIC        PreBlue
  D:0088H         PUBLIC        TCON
  D:0030H         PUBLIC        DcodedGreen
  D:0034H         PUBLIC        PreRed
  D:0038H         PUBLIC        DcodedYellow
  C:0584H         PUBLIC        _DcodeToknToLedNumber
  D:003CH         PUBLIC        DecodeState
  D:003DH         PUBLIC        DcodedBlue
  D:0041H         PUBLIC        DcodedRed
  D:0098H         PUBLIC        S0CON
  D:0098H         PUBLIC        S1CON
  D:00C8H         PUBLIC        T2CON
  D:00C8H         PUBLIC        T3CON
  D:00C8H         PUBLIC        T5CON
  D:00C8H         PUBLIC        T6CON
  D:00D0H         PUBLIC        PSW
  -------         PROC          DECODEMANAGER
  C:155FH         LINE#         37
  C:155FH         LINE#         38
  C:155FH         LINE#         39
  C:1583H         LINE#         40
  C:1583H         LINE#         41
  C:1583H         LINE#         42
  C:1591H         LINE#         43
  C:1591H         LINE#         44
  C:159FH         LINE#         45
  C:15ADH         LINE#         46
  C:15BBH         LINE#         47
  C:15C9H         LINE#         48
  C:15CDH         LINE#         49
  C:15D0H         LINE#         50
  C:15D0H         LINE#         51
  C:15D3H         LINE#         53
  C:15D3H         LINE#         54
  C:15E1H         LINE#         55
  C:15FDH         LINE#         56
  C:1600H         LINE#         57
  C:1601H         LINE#         59
  C:1601H         LINE#         60
  C:160FH         LINE#         61
  C:162BH         LINE#         62
  C:162EH         LINE#         63
  C:162FH         LINE#         65
  C:162FH         LINE#         66
  C:163DH         LINE#         67
  C:1659H         LINE#         68
  C:165CH         LINE#         69
  C:165DH         LINE#         71
  C:165DH         LINE#         72
  C:166BH         LINE#         73
  C:1687H         LINE#         74
  C:168AH         LINE#         75
  C:168BH         LINE#         77
BL51 BANKED LINKER/LOCATER V6.22.2.0                                                  10/30/2023  23:23:24  PAGE 31


  C:168BH         LINE#         78
  C:168DH         LINE#         79
  C:1695H         LINE#         80
  C:1698H         LINE#         81
  C:1698H         LINE#         83
  C:1698H         LINE#         84
  -------         ENDPROC       DECODEMANAGER
  -------         PROC          _DCODETOKNTOLEDNUMBER
  D:0007H         SYMBOL        TokenNumber
  D:0005H         SYMBOL        TokenValue
  D:0003H         SYMBOL        ToknColour
  C:0584H         LINE#         85
  C:0584H         LINE#         86
  C:0584H         LINE#         87
  C:059EH         LINE#         88
  C:059EH         LINE#         89
  C:059EH         LINE#         90
  C:05A4H         LINE#         91
  C:05A9H         LINE#         92
  C:05B4H         LINE#         93
  C:05BBH         LINE#         94
  C:05C8H         LINE#         95
  C:05CEH         LINE#         96
  C:05D1H         LINE#         99
  C:05D1H         LINE#         100
  C:05D7H         LINE#         101
  C:05E0H         LINE#         103
  C:05F2H         LINE#         104
  C:05FBH         LINE#         106
  C:0618H         LINE#         107
  C:0621H         LINE#         109
  C:063DH         LINE#         110
  C:0646H         LINE#         112
  C:065BH         LINE#         113
  C:0661H         LINE#         114
  C:0664H         LINE#         116
  C:0664H         LINE#         117
  C:066AH         LINE#         118
  C:0673H         LINE#         120
  C:0685H         LINE#         121
  C:068EH         LINE#         123
  C:06ABH         LINE#         124
  C:06B4H         LINE#         126
  C:06D0H         LINE#         127
  C:06D9H         LINE#         129
  C:06EEH         LINE#         130
  C:06F4H         LINE#         131
  C:06F7H         LINE#         134
  C:06F7H         LINE#         135
  C:06FDH         LINE#         136
  C:0705H         LINE#         138
  C:0717H         LINE#         139
  C:071FH         LINE#         141
  C:073CH         LINE#         142
  C:0744H         LINE#         144
  C:0760H         LINE#         145
  C:0768H         LINE#         147
BL51 BANKED LINKER/LOCATER V6.22.2.0                                                  10/30/2023  23:23:24  PAGE 32


  C:077AH         LINE#         148
  C:0784H         LINE#         149
  C:0784H         LINE#         150
  C:0784H         LINE#         151
  -------         ENDPROC       _DCODETOKNTOLEDNUMBER
  -------         ENDMOD        USERDRIVERBRIDGE

  -------         MODULE        USER
  C:0000H         SYMBOL        _ICE_DUMMY_
  C:140CH         PUBLIC        _CheckAndGetConflictId
  I:0080H         PUBLIC        Yellow
  D:0090H         PUBLIC        P1
  D:00A0H         PUBLIC        P2
  D:00C0H         PUBLIC        XICON
  D:00B0H         PUBLIC        P3
  D:00E8H         PUBLIC        P4
  C:254DH         PUBLIC        AnmtnTimer
  D:00F8H         PUBLIC        P6
  I:0084H         PUBLIC        Blue
  D:00A8H         PUBLIC        IE
  C:0C9BH         PUBLIC        GreenUser
  D:00B8H         PUBLIC        IP0L
  D:0062H         PUBLIC        conflictTknNmbr
  D:0063H         PUBLIC        GreenUserState
  I:0088H         PUBLIC        Red
  C:2230H         PUBLIC        _MoveToken
  C:0FB8H         PUBLIC        YellowUser
  D:00D8H         PUBLIC        CCON
  D:0064H         PUBLIC        YellowUserState
  B:0020H.0       PUBLIC        AnmtnBusy
  C:1699H         PUBLIC        _IsDiceValueValid
  D:0065H         PUBLIC        conflictTknClr
  I:008CH         PUBLIC        AnimationTimer
  C:0E2CH         PUBLIC        BlueUser
  B:0020H.1       PUBLIC        GreenUserFlg
  D:0066H         PUBLIC        BlueUserState
  C:12B5H         PUBLIC        _IsOnlyTokenMovable
  D:0088H         PUBLIC        TCON
  B:0020H.2       PUBLIC        YellowUserFlg
  C:0B05H         PUBLIC        RedUser
  D:0067H         PUBLIC        RedUserState
  B:0020H.3       PUBLIC        AnimationCmpltFlg
  C:2578H         PUBLIC        _TokenAnimator
  B:0020H.4       PUBLIC        BlueUserFlg
  D:0068H         PUBLIC        NewToknValue
  B:0020H.5       PUBLIC        ConflictFlg
  D:0069H         PUBLIC        DiceRollChance
  B:0020H.6       PUBLIC        RedUserFlg
  B:0020H.7       PUBLIC        AnimateCmd
  D:006AH         PUBLIC        NToknNumber
  C:2184H         PUBLIC        _IsAllTokenMoved
  C:20E9H         PUBLIC        _IsToknOnBaithki
  I:008EH         PUBLIC        AnmtngTokenNumber
  D:0098H         PUBLIC        S0CON
  D:0098H         PUBLIC        S1CON
  I:008FH         PUBLIC        AnmtngTokenColour
  D:00C8H         PUBLIC        T2CON
BL51 BANKED LINKER/LOCATER V6.22.2.0                                                  10/30/2023  23:23:24  PAGE 33


  D:00C8H         PUBLIC        T3CON
  D:00C8H         PUBLIC        T5CON
  D:00C8H         PUBLIC        T6CON
  I:0090H         PUBLIC        AnmtngTokenValue
  I:0091H         PUBLIC        AnimtnState
  C:036FH         PUBLIC        ManageAnimation
  I:0092H         PUBLIC        Green
  D:006BH         PUBLIC        DiceResult
  D:00D0H         PUBLIC        PSW
  -------         PROC          REDUSER
  C:0B05H         LINE#         87
  C:0B05H         LINE#         88
  C:0B05H         LINE#         89
  C:0B31H         LINE#         90
  C:0B31H         LINE#         92
  C:0B31H         LINE#         93
  C:0B33H         LINE#         94
  C:0B36H         LINE#         95
  C:0B38H         LINE#         96
  C:0B3AH         LINE#         98
  C:0B3AH         LINE#         99
  C:0B40H         LINE#         100
  C:0B40H         LINE#         101
  C:0B42H         LINE#         102
  C:0B4DH         LINE#         103
  C:0B50H         LINE#         105
  C:0B54H         LINE#         106
  C:0B54H         LINE#         107
  C:0B56H         LINE#         109
  C:0B56H         LINE#         110
  C:0B5FH         LINE#         111
  C:0B5FH         LINE#         112
  C:0B61H         LINE#         113
  C:0B64H         LINE#         114
  C:0B67H         LINE#         115
  C:0B67H         LINE#         116
  C:0B68H         LINE#         118
  C:0B68H         LINE#         119
  C:0B78H         LINE#         120
  C:0B78H         LINE#         121
  C:0B7DH         LINE#         122
  C:0B80H         LINE#         123
  C:0B80H         LINE#         124
  C:0B81H         LINE#         126
  C:0B81H         LINE#         127
  C:0B8EH         LINE#         128
  C:0B8EH         LINE#         129
  C:0B93H         LINE#         130
  C:0B9FH         LINE#         131
  C:0B9FH         LINE#         132
  C:0BA4H         LINE#         133
[...]
  -------         PROC          SCANINPUT
  C:17AEH         LINE#         77
  C:17AEH         LINE#         78
  C:17AEH         LINE#         79
BL51 BANKED LINKER/LOCATER V6.22.2.0                                                  10/30/2023  23:23:24  PAGE 48


  C:17C6H         LINE#         80
  C:17C6H         LINE#         81
  C:17C6H         LINE#         82
  C:17C9H         LINE#         83
  C:17CBH         LINE#         84
  C:17CEH         LINE#         85
  C:17CEH         LINE#         86
  C:17D1H         LINE#         88
  C:17D1H         LINE#         89
  C:17D3H         LINE#         90
  C:17D8H         LINE#         91
  C:17DFH         LINE#         92
  C:17E5H         LINE#         93
  C:17E5H         LINE#         94
  C:17E8H         LINE#         95
  C:17E9H         LINE#         97
  C:17E9H         LINE#         98
  C:17F3H         LINE#         99
  C:17F6H         LINE#         100
  C:17F6H         LINE#         101
  C:17F7H         LINE#         103
  C:17F7H         LINE#         104
  C:180DH         LINE#         105
  C:180DH         LINE#         106
  C:180FH         LINE#         108
  C:1814H         LINE#         109
  C:181EH         LINE#         110
  C:181EH         LINE#         111
  C:1821H         LINE#         112
  C:182BH         LINE#         113
  C:182EH         LINE#         114
  C:182FH         LINE#         116
  C:182FH         LINE#         117
  C:182FH         LINE#         118
  C:1832H         LINE#         121
  C:1832H         LINE#         122
  C:1845H         LINE#         123
  C:1845H         LINE#         124
  C:184CH         LINE#         125
  C:184CH         LINE#         126
  C:1853H         LINE#         127
  C:185EH         LINE#         128
  C:1861H         LINE#         129
  C:1865H         LINE#         130
  C:186DH         LINE#         131
  C:186EH         LINE#         133
  C:186EH         LINE#         134
  C:186EH         LINE#         135
  C:1870H         LINE#         137
  C:1870H         LINE#         138
  C:1883H         LINE#         139
  C:1883H         LINE#         140
  C:188AH         LINE#         141
  C:188AH         LINE#         142
  C:1895H         LINE#         143
  C:1897H         LINE#         144
  C:189DH         LINE#         152
BL51 BANKED LINKER/LOCATER V6.22.2.0                                                  10/30/2023  23:23:24  PAGE 49


  C:189DH         LINE#         154
  C:189DH         LINE#         155
  C:189FH         LINE#         156
  C:18AAH         LINE#         157
  C:18AFH         LINE#         159
  C:18B7H         LINE#         160
  C:18BAH         LINE#         161
  C:18BAH         LINE#         163
  C:18BAH         LINE#         164
  C:18BAH         LINE#         166
  C:18BAH         LINE#         167
  -------         ENDPROC       SCANINPUT
  -------         PROC          _ACTIVATECOLM
  D:0007H         SYMBOL        KeyColmNumber
  C:24A4H         LINE#         170
  C:24A4H         LINE#         171
  C:24A4H         LINE#         172
  C:24B3H         LINE#         173
  C:24B3H         LINE#         174
  C:24B6H         LINE#         175
  C:24B9H         LINE#         176
  C:24BCH         LINE#         177
  C:24BEH         LINE#         178
  C:24BEH         LINE#         180
  -------         ENDPROC       _ACTIVATECOLM
  -------         PROC          _DEACTIVATECOLM
  D:0007H         SYMBOL        KeyColmNumber
  C:24BFH         LINE#         182
  C:24BFH         LINE#         183
  C:24BFH         LINE#         184
  C:24CEH         LINE#         185
  C:24CEH         LINE#         186
  C:24D1H         LINE#         187
  C:24D4H         LINE#         188
  C:24D7H         LINE#         189
  C:24D9H         LINE#         190
  C:24D9H         LINE#         192
  -------         ENDPROC       _DEACTIVATECOLM
  -------         PROC          GETKEYPRESSED
  C:24DAH         LINE#         195
  C:24DAH         LINE#         196
  C:24DAH         LINE#         198
  C:24DDH         LINE#         199
  C:24E0H         LINE#         200
  C:24E3H         LINE#         201
  C:24E6H         LINE#         202
  C:24E9H         LINE#         203
  C:24ECH         LINE#         204
  C:24EFH         LINE#         205
  C:24F2H         LINE#         207
  C:24F4H         LINE#         209
  -------         ENDPROC       GETKEYPRESSED
  -------         PROC          INPUTSCANTIMER
  C:22ECH         LINE#         211
  C:22ECH         LINE#         212
  C:22ECH         LINE#         213
  C:22FFH         LINE#         214
BL51 BANKED LINKER/LOCATER V6.22.2.0                                                  10/30/2023  23:23:24  PAGE 50


  C:2317H         LINE#         215
  -------         ENDPROC       INPUTSCANTIMER
  -------         PROC          CHECKKEYVSTOKN
  C:0785H         LINE#         301
  C:0785H         LINE#         302
  C:0785H         LINE#         303
  C:07D0H         LINE#         304
  C:07D0H         LINE#         305
  C:07D0H         LINE#         306
  C:07D3H         LINE#         307
  C:07D3H         LINE#         308
  C:07D6H         LINE#         310
  C:07D6H         LINE#         311
  C:07E2H         LINE#         312
  C:07E2H         LINE#         313
  C:07EDH         LINE#         314
  C:07F3H         LINE#         315
  C:07F3H         LINE#         316
  C:07F4H         LINE#         317
  C:07FEH         LINE#         318
  C:0808H         LINE#         319
  C:0812H         LINE#         320
  C:0820H         LINE#         322
  C:082EH         LINE#         323
  C:083CH         LINE#         324
  C:0849H         LINE#         325
  C:0856H         LINE#         327
  C:0863H         LINE#         328
  C:0870H         LINE#         329
  C:087DH         LINE#         330
  C:088AH         LINE#         332
  C:0897H         LINE#         333
  C:08A4H         LINE#         334
  C:08B1H         LINE#         335
  C:08C0H         LINE#         337
  C:08C0H         LINE#         338
  C:08C3H         LINE#         339
  C:08C3H         LINE#         340
  C:08CCH         LINE#         341
  C:08CFH         LINE#         342
  C:08D2H         LINE#         343
  C:08D5H         LINE#         344
  C:08D6H         LINE#         346
  C:08D6H         LINE#         347
  C:08D6H         LINE#         348
  C:08D6H         LINE#         349
  C:08D8H         LINE#         351
  C:08D8H         LINE#         352
  C:08DCH         LINE#         353
  C:08DCH         LINE#         354
  C:08E5H         LINE#         355
  C:08E8H         LINE#         356
  C:08EBH         LINE#         357
  C:08EBH         LINE#         359
  C:08EEH         LINE#         360
  C:08EEH         LINE#         361
  C:08F4H         LINE#         362
BL51 BANKED LINKER/LOCATER V6.22.2.0                                                  10/30/2023  23:23:24  PAGE 51


  C:08F4H         LINE#         363
  C:08F6H         LINE#         365
  C:0901H         LINE#         366
  C:0901H         LINE#         367
  C:0903H         LINE#         369
  C:0903H         LINE#         370
  C:0907H         LINE#         371
  C:0907H         LINE#         372
  C:0910H         LINE#         373
  C:0913H         LINE#         374
  C:0916H         LINE#         375
  C:0918H         LINE#         382
  C:0918H         LINE#         383
  C:091BH         LINE#         384
  C:091BH         LINE#         385
  C:0921H         LINE#         386
  C:092AH         LINE#         387
  C:092CH         LINE#         389
  C:0937H         LINE#         390
  C:0943H         LINE#         391
  C:0944H         LINE#         393
  C:0944H         LINE#         394
  C:0947H         LINE#         395
  C:0947H         LINE#         396
  C:094AH         LINE#         397
  C:094AH         LINE#         398
  C:094AH         LINE#         401
  C:094AH         LINE#         402
  -------         ENDPROC       CHECKKEYVSTOKN
  -------         PROC          TOKNBLINKTIMER
  C:25D1H         LINE#         405
  C:25D1H         LINE#         406
  C:25D1H         LINE#         407
  C:25DCH         LINE#         408
  C:25DEH         LINE#         409
  -------         ENDPROC       TOKNBLINKTIMER
  -------         ENDMOD        USERINPUT

  -------         MODULE        BUZZER
  C:0000H         SYMBOL        _ICE_DUMMY_
  D:0090H         PUBLIC        P1
  D:00A0H         PUBLIC        P2
  C:2523H         PUBLIC        BeepTimer
  D:00C0H         PUBLIC        XICON
  D:00B0H         PUBLIC        P3
  D:00E8H         PUBLIC        P4
  D:00F8H         PUBLIC        P6
  D:001BH         PUBLIC        BuzzerTimer
  D:00A8H         PUBLIC        IE
  C:2609H         PUBLIC        StartBeep
  D:00B8H         PUBLIC        IP0L
  D:001DH         PUBLIC        BeepType
  D:00D8H         PUBLIC        CCON
  C:004FH         PUBLIC        StopBeep
  B:00B0H.0       PUBLIC        P30
  D:001EH         PUBLIC        BzrState
  D:0088H         PUBLIC        TCON
BL51 BANKED LINKER/LOCATER V6.22.2.0                                                  10/30/2023  23:23:24  PAGE 52


  C:2318H         PUBLIC        _SetBeepIndication
  B:0022H.6       PUBLIC        BuzzerBeepcmd
  C:1F0EH         PUBLIC        BuzzerManager
  D:0098H         PUBLIC        S0CON
  D:0098H         PUBLIC        S1CON
  C:21C1H         PUBLIC        _BuzzerTimerReload
  D:00C8H         PUBLIC        T2CON
  D:00C8H         PUBLIC        T3CON
  D:001FH         PUBLIC        BuzzerBeepCounter
  D:00C8H         PUBLIC        T5CON
  D:00C8H         PUBLIC        T6CON
  D:00D0H         PUBLIC        PSW
  -------         PROC          _SETBEEPINDICATION
  D:0007H         SYMBOL        beepType
  D:0005H         SYMBOL        Beepcount
  C:2318H         LINE#         67
  C:2318H         LINE#         68
  C:2318H         LINE#         69
  C:231BH         LINE#         70
  C:231BH         LINE#         71
  C:2328H         LINE#         72
  C:2328H         LINE#         73
  C:232AH         LINE#         74
  C:232CH         LINE#         75
  C:232EH         LINE#         76
  C:232FH         LINE#         77
  C:2335H         LINE#         78
  C:2335H         LINE#         79
  C:2337H         LINE#         80
  C:233AH         LINE#         81
  C:2341H         LINE#         82
  C:2341H         LINE#         83
  C:2341H         LINE#         85
  -------         ENDPROC       _SETBEEPINDICATION
  -------         PROC          STARTBEEP
  C:2609H         LINE#         87
  C:2609H         LINE#         88
  C:2609H         LINE#         89
  C:260CH         LINE#         90
  C:260CH         LINE#         91
  C:260EH         LINE#         92
  C:260EH         LINE#         93
  -------         ENDPROC       STARTBEEP
  -------         PROC          STOPBEEP
  C:004FH         LINE#         94
  C:004FH         LINE#         95
  C:004FH         LINE#         96
  C:0051H         LINE#         97
  -------         ENDPROC       STOPBEEP
  -------         PROC          BUZZERMANAGER
  C:1F0EH         LINE#         99
  C:1F0EH         LINE#         100
  C:1F0EH         LINE#         102
  C:1F23H         LINE#         103
  C:1F23H         LINE#         104
  C:1F23H         LINE#         105
  C:1F23H         LINE#         106
BL51 BANKED LINKER/LOCATER V6.22.2.0                                                  10/30/2023  23:23:24  PAGE 53


  C:1F25H         LINE#         108
  C:1F25H         LINE#         109
  C:1F34H         LINE#         110
  C:1F39H         LINE#         111
  C:1F3AH         LINE#         113
  C:1F3AH         LINE#         114
  C:1F3AH         LINE#         115
  C:1F3AH         LINE#         116
  C:1F3AH         LINE#         117
  C:1F3CH         LINE#         120
  C:1F3CH         LINE#         121
  C:1F42H         LINE#         122
  C:1F42H         LINE#         123
  C:1F49H         LINE#         124
  C:1F4BH         LINE#         125
  C:1F4EH         LINE#         126
  C:1F4EH         LINE#         127
  C:1F4FH         LINE#         129
  C:1F4FH         LINE#         130
  C:1F55H         LINE#         131
  C:1F55H         LINE#         132
  C:1F57H         LINE#         133
  C:1F5CH         LINE#         134
  C:1F5EH         LINE#         136
  C:1F5EH         LINE#         137
  C:1F65H         LINE#         138
  C:1F67H         LINE#         139
  C:1F6AH         LINE#         140
  C:1F6AH         LINE#         141
  C:1F6AH         LINE#         142
  C:1F6BH         LINE#         144
  C:1F6BH         LINE#         145
  C:1F71H         LINE#         146
  C:1F71H         LINE#         147
  C:1F73H         LINE#         148
  C:1F76H         LINE#         149
  C:1F76H         LINE#         150
  C:1F76H         LINE#         152
  C:1F76H         LINE#         154
  -------         ENDPROC       BUZZERMANAGER
  -------         PROC          _BUZZERTIMERRELOAD
  D:0007H         SYMBOL        beepType
  B:0022H.7       SYMBOL        onOroffTime
  C:21C1H         LINE#         158
  C:21C1H         LINE#         159
  C:21C1H         LINE#         160
  C:21C4H         LINE#         161
  C:21C4H         LINE#         162
  C:21CFH         LINE#         163
  C:21CFH         LINE#         164
  C:21CFH         LINE#         165
  C:21D5H         LINE#         166
  C:21D6H         LINE#         168
  C:21D6H         LINE#         169
  C:21D6H         LINE#         170
  C:21D8H         LINE#         172
  C:21D8H         LINE#         173
BL51 BANKED LINKER/LOCATER V6.22.2.0                                                  10/30/2023  23:23:24  PAGE 54


  C:21D8H         LINE#         174
  C:21DAH         LINE#         175
  C:21DAH         LINE#         176
  C:21DAH         LINE#         179
  C:21DAH         LINE#         180
  C:21E5H         LINE#         181
  C:21E5H         LINE#         182
  C:21E5H         LINE#         183
  C:21EBH         LINE#         184
  C:21ECH         LINE#         186
  C:21ECH         LINE#         187
  C:21F2H         LINE#         188
  C:21F3H         LINE#         190
  C:21F3H         LINE#         191
  C:21F9H         LINE#         192
  C:21F9H         LINE#         193
  C:21F9H         LINE#         194
  C:21F9H         LINE#         195
  -------         ENDPROC       _BUZZERTIMERRELOAD
  -------         PROC          BEEPTIMER
  C:2523H         LINE#         198
  C:2523H         LINE#         199
  C:2523H         LINE#         200
  C:2530H         LINE#         201
  C:2538H         LINE#         202
  -------         ENDPROC       BEEPTIMER
  -------         ENDMOD        BUZZER

  -------         MODULE        SETTINGS
  C:0000H         SYMBOL        _ICE_DUMMY_
  D:0090H         PUBLIC        P1
  D:00A0H         PUBLIC        P2
  D:00C0H         PUBLIC        XICON
  D:00B0H         PUBLIC        P3
  D:00E8H         PUBLIC        P4
  D:00F8H         PUBLIC        P6
  B:0021H.0       PUBLIC        GreenUserEnDisFlg
  D:00A8H         PUBLIC        IE
  B:0021H.1       PUBLIC        YellowUserEnDisFlg
  D:00B8H         PUBLIC        IP0L
  C:1C21H         PUBLIC        SettingsManager
  B:0021H.2       PUBLIC        BlueUserEnDisFlg
  D:00D8H         PUBLIC        CCON
  B:0021H.3       PUBLIC        RedUserEnDisFlg
  D:0088H         PUBLIC        TCON
  B:0021H.4       PUBLIC        BeepDisFlg
  D:0098H         PUBLIC        S0CON
  D:0098H         PUBLIC        S1CON
  I:00A5H         PUBLIC        SettingState
  D:00C8H         PUBLIC        T2CON
  D:00C8H         PUBLIC        T3CON
  D:00C8H         PUBLIC        T5CON
  D:00C8H         PUBLIC        T6CON
  B:0021H.5       PUBLIC        SmartDiceEnDisFlg
  I:00A6H         PUBLIC        SettingInput
  D:00D0H         PUBLIC        PSW
  -------         PROC          SETTINGSMANAGER
BL51 BANKED LINKER/LOCATER V6.22.2.0                                                  10/30/2023  23:23:24  PAGE 55


  C:1C21H         LINE#         33
  C:1C21H         LINE#         34
  C:1C21H         LINE#         35
  C:1C31H         LINE#         36
  C:1C31H         LINE#         37
  C:1C31H         LINE#         38
  C:1C33H         LINE#         39
  C:1C35H         LINE#         40
  C:1C37H         LINE#         41
  C:1C39H         LINE#         42
  C:1C3BH         LINE#         43
  C:1C3DH         LINE#         44
  C:1C3DH         LINE#         45
  C:1C40H         LINE#         47
  C:1C40H         LINE#         48
  C:1C54H         LINE#         49
  C:1C54H         LINE#         50
  C:1C5DH         LINE#         51
  C:1C60H         LINE#         52
  C:1C60H         LINE#         53
  C:1C61H         LINE#         55
  C:1C61H         LINE#         56
  C:1C67H         LINE#         57
  C:1C67H         LINE#         58
  C:1C71H         LINE#         59
  C:1C71H         LINE#         60
  C:1C71H         LINE#         61
  C:1C8AH         LINE#         62
  C:1C8EH         LINE#         63
  C:1CA6H         LINE#         64
  C:1CAAH         LINE#         65
  C:1CC2H         LINE#         66
  C:1CC6H         LINE#         67
  C:1CDEH         LINE#         68
  C:1CE0H         LINE#         69
  C:1CE2H         LINE#         72
  C:1CE2H         LINE#         73
  C:1CE4H         LINE#         74
  C:1CE4H         LINE#         76
  C:1CE4H         LINE#         77
  C:1CE4H         LINE#         79
  C:1CE4H         LINE#         80
  C:1CE4H         LINE#         82
  C:1CE4H         LINE#         83
  C:1CE4H         LINE#         85
  C:1CE4H         LINE#         86
  C:1CE4H         LINE#         87
  C:1CE4H         LINE#         88
  C:1CE8H         LINE#         89
  C:1CE8H         LINE#         92
  C:1CE8H         LINE#         93
  C:1CE8H         LINE#         94
  -------         ENDPROC       SETTINGSMANAGER
  -------         ENDMOD        SETTINGS

  -------         MODULE        ?C?CLDPTR
  C:19BCH         PUBLIC        ?C?CLDPTR
BL51 BANKED LINKER/LOCATER V6.22.2.0                                                  10/30/2023  23:23:24  PAGE 56


  -------         ENDMOD        ?C?CLDPTR

  -------         MODULE        ?C?CLDOPTR
  C:19D5H         PUBLIC        ?C?CLDOPTR
  -------         ENDMOD        ?C?CLDOPTR

  -------         MODULE        ?C?CSTPTR
  C:1A02H         PUBLIC        ?C?CSTPTR
  -------         ENDMOD        ?C?CSTPTR

  -------         MODULE        ?C?CSTOPTR
  C:1A14H         PUBLIC        ?C?CSTOPTR
  -------         ENDMOD        ?C?CSTOPTR

  -------         MODULE        ?C?LNOT
  C:1A36H         PUBLIC        ?C?LNOT
  -------         ENDMOD        ?C?LNOT

  -------         MODULE        ?C?ULCMP
  C:1A43H         PUBLIC        ?C?ULCMP
  -------         ENDMOD        ?C?ULCMP

  -------         MODULE        ?C?LSHL
  C:1A54H         PUBLIC        ?C?LSHL
  -------         ENDMOD        ?C?LSHL

  -------         MODULE        ?C?CCASE
  C:1A67H         PUBLIC        ?C?CCASE
  -------         ENDMOD        ?C?CCASE

  -------         MODULE        RAND
  D:007BH         PUBLIC        ?SRAND?BYTE
  C:2137H         PUBLIC        RAND
  C:2179H         PUBLIC        _SRAND
  -------         ENDMOD        RAND

*** WARNING L16: UNCALLED SEGMENT, IGNORED FOR OVERLAY PROCESS
    SEGMENT: ?PR?SAVEALLCRNTSETTINGS?MEMMAP

*** WARNING L16: UNCALLED SEGMENT, IGNORED FOR OVERLAY PROCESS
    SEGMENT: ?PR?_RANDOM?DICE

Program Size: data=168.0 xdata=42 code=9797
LINK/LOCATE RUN COMPLETE.  2 WARNING(S),  0 ERROR(S)
